******************************************************************************
                  TI ARM Linker PC v20.2.7                     
******************************************************************************
>> Linked Tue Nov 18 22:59:02 2025

OUTPUT FILE NAME:   <Greenhouse.out>
ENTRY POINT SYMBOL: "_c_int00_noargs"  address: 00001ac5


MEMORY CONFIGURATION

         name            origin    length      used     unused   attr    fill
----------------------  --------  ---------  --------  --------  ----  --------
  MAIN                  00000000   00040000  000022d4  0003dd2c  R  X
  INFO                  00200000   00004000  00000000  00004000  R  X
  SRAM_CODE             01000000   00010000  0000024e  0000fdb2  RW X
  SRAM_DATA             20000000   00010000  0000024e  0000fdb2  RW  


SEGMENT ALLOCATION MAP

run origin  load origin   length   init length attrs members
----------  ----------- ---------- ----------- ----- -------
00000000    00000000    000022d8   000022d8    r-x
  00000000    00000000    000000e4   000000e4    r-- .intvecs
  000000e4    000000e4    00001cc4   00001cc4    r-x .text
  00001da8    00001da8    000004d4   000004d4    r-- .const
  00002280    00002280    00000058   00000058    r-- .cinit
20000000    20000000    0000004e   00000000    rw-
  20000000    20000000    00000044   00000000    rw- .data
  20000044    20000044    0000000a   00000000    rw- .bss
2000fe00    2000fe00    00000200   00000000    rw-
  2000fe00    2000fe00    00000200   00000000    rw- .stack


SECTION ALLOCATION MAP

 output                                  attributes/
section   page    origin      length       input sections
--------  ----  ----------  ----------   ----------------
.intvecs   0    00000000    000000e4     
                  00000000    000000e4     startup_msp432p401r_ccs.obj (.intvecs:retain)

.text      0    000000e4    00001cc4     
                  000000e4    00000680     Crystalfontz128x128_ST7735.obj (.text)
                  00000764    00000334     system_msp432p401r.obj (.text)
                  00000a98    000001fc     main.obj (.text)
                  00000c94    00000160     msp432p4xx_driverlib.lib : adc14.o (.text:_getIndexForMemRegister)
                  00000df4    0000015c                              : pcm.o (.text:__PCM_setPowerModeAdvanced)
                  00000f50    00000144                              : timer_a.o (.text:privateTimer_AProcessClockSourceDivider)
                  00001094    00000130                              : cs.o (.text:CS_initClockSignal)
                  000011c4    00000108                              : pcm.o (.text:__PCM_setCoreVoltageLevelAdvanced)
                  000012cc    000000cc     HAL_MSP_EXP432P401R_Crystalfontz128x128_ST7735.obj (.text)
                  00001398    000000b4     msp432p4xx_driverlib.lib : adc14.o (.text:ADC14_configureConversionMemory)
                  0000144c    000000b4                              : adc14.o (.text:ADC14_configureMultiSequenceMode)
                  00001500    000000b0                              : spi.o (.text:SPI_initMaster)
                  000015b0    0000009c     rtsv7M4_T_le_v4SPD16_eabi.lib : memcpy_t2.asm.obj (.text)
                  0000164c    00000088     msp432p4xx_driverlib.lib : gpio.o (.text:GPIO_setAsPeripheralModuleFunctionOutputPin)
                  000016d4    00000080                              : interrupt.o (.text:Interrupt_enableInterrupt)
                  00001754    00000068                              : timer_a.o (.text:Timer_A_configureUpMode)
                  000017bc    00000068     rtsv7M4_T_le_v4SPD16_eabi.lib : copy_decompress_lzss.c.obj (.text:decompress:lzss:__TI_decompress_lzss)
                  00001824    0000005e     msp432p4xx_driverlib.lib : pcm.o (.text:PCM_getCoreVoltageLevel)
                  00001882    0000005a                              : pcm.o (.text:PCM_getPowerMode)
                  000018dc    00000054                              : adc14.o (.text:ADC14_initModule)
                  00001930    00000052     grlib.a : context.obj (.text:Graphics_initContext)
                  00001982    00000002     --HOLE-- [fill = 0]
                  00001984    00000048     msp432p4xx_driverlib.lib : flash.o (.text:FlashCtl_setWaitState)
                  000019cc    00000044     rtsv7M4_T_le_v4SPD16_eabi.lib : autoinit.c.obj (.text:__TI_auto_init_nobinit_nopinit:__TI_auto_init_nobinit_nopinit)
                  00001a10    00000040     msp432p4xx_driverlib.lib : gpio.o (.text:GPIO_setAsOutputPin)
                  00001a50    00000040                              : spi.o (.text:is_A_Module)
                  00001a90    00000034                              : cs.o (.text:CS_setDCOCenteredFrequency)
                  00001ac4    00000034     rtsv7M4_T_le_v4SPD16_eabi.lib : boot_cortex_m.c.obj (.text:_c_int00_noargs:_c_int00_noargs)
                  00001af8    00000030     msp432p4xx_driverlib.lib : adc14.o (.text:ADC14_enableInterrupt)
                  00001b28    0000002c                              : timer_a.o (.text:Timer_A_clearCaptureCompareInterrupt)
                  00001b54    00000028                              : gpio.o (.text:GPIO_setOutputHighOnPin)
                  00001b7c    00000028                              : gpio.o (.text:GPIO_setOutputLowOnPin)
                  00001ba4    00000028                              : pcm.o (.text:PCM_gotoLPM0)
                  00001bcc    00000024                              : wdt_a.o (.text:WDT_A_holdTimer)
                  00001bf0    0000001c                              : spi.o (.text:SPI_enableModule)
                  00001c0c    0000001c     rtsv7M4_T_le_v4SPD16_eabi.lib : copy_zero_init.c.obj (.text:decompress:ZI:__TI_zero_init_nomemset:__TI_zero_init_nomemset)
                  00001c28    0000001a     grlib.a : display.obj (.text:Graphics_clearDisplayOnDisplay)
                  00001c42    0000001a             : context.obj (.text:Graphics_setBackgroundColor)
                  00001c5c    0000001a             : context.obj (.text:Graphics_setFont)
                  00001c76    00000016     msp432p4xx_driverlib.lib : spi.o (.text:EUSCI_A_SPI_enable)
                  00001c8c    00000016                              : spi.o (.text:EUSCI_B_SPI_enable)
                  00001ca2    00000016     grlib.a : context.obj (.text:Graphics_setForegroundColor)
                  00001cb8    00000016             : display.obj (.text:Graphics_translateColorOnDisplay)
                  00001cce    00000016     msp432p4xx_driverlib.lib : timer_a.o (.text:Timer_A_startCounter)
                  00001ce4    00000014                              : pcm.o (.text:PCM_getPowerState)
                  00001cf8    00000012     grlib.a : context.obj (.text:Graphics_clearDisplay)
                  00001d0a    00000002     --HOLE-- [fill = 0]
                  00001d0c    00000010     msp432p4xx_driverlib.lib : adc14.o (.text:ADCIsConversionRunning)
                  00001d1c    00000010                              : interrupt.o (.text:Interrupt_disableMaster)
                  00001d2c    00000010                              : interrupt.o (.text:Interrupt_enableMaster)
                  00001d3c    00000010                              : pcm.o (.text:PCM_setCoreVoltageLevel)
                  00001d4c    00000010                              : pcm.o (.text:PCM_setPowerMode)
                  00001d5c    0000000e     rtsv7M4_T_le_v4SPD16_eabi.lib : copy_decompress_none.c.obj (.text:decompress:none:__TI_decompress_none)
                  00001d6a    0000000e     startup_msp432p401r_ccs.obj (.text)
                  00001d78    0000000c     msp432p4xx_driverlib.lib : adc14.o (.text:ADC14_enableModule)
                  00001d84    0000000c                              : cpu.o (.text:CPU_cpsid)
                  00001d90    0000000c                              : cpu.o (.text:CPU_cpsie)
                  00001d9c    00000004                              : cpu.o (.text:CPU_wfi)
                  00001da0    00000004     rtsv7M4_T_le_v4SPD16_eabi.lib : pre_init.c.obj (.text:_system_pre_init)
                  00001da4    00000004                                   : exit.c.obj (.text:abort:abort)

.const     0    00001da8    000004d4     
                  00001da8    000002f8     grlib.a : fontfixed6x8.obj (.const:.string:g_pucFontFixed6x8Data)
                  000020a0    000000c8             : fontfixed6x8.obj (.const:g_sFontFixed6x8)
                  00002168    00000080     msp432p4xx_driverlib.lib : adc14.o (.const:_ctlRegs)
                  000021e8    00000030                              : gpio.o (.const:GPIO_PORT_TO_BASE)
                  00002218    00000020     Crystalfontz128x128_ST7735.obj (.const:g_sCrystalfontz128x128_funcs)
                  00002238    0000001c     HAL_MSP_EXP432P401R_Crystalfontz128x128_ST7735.obj (.const:$P$T0$1)
                  00002254    00000018     main.obj (.const:$P$T0$2)
                  0000226c    00000008     Crystalfontz128x128_ST7735.obj (.const:$P$T0$1)
                  00002274    00000008     msp432p4xx_driverlib.lib : interrupt.o (.const:g_pulEnRegs)

.cinit     0    00002280    00000058     
                  00002280    0000002f     (.cinit..data.load) [load image, compression = lzss]
                  000022af    00000001     --HOLE-- [fill = 0]
                  000022b0    0000000c     (__TI_handler_table)
                  000022bc    00000004     --HOLE-- [fill = 0]
                  000022c0    00000008     (.cinit..bss.load) [load image, compression = zero_init]
                  000022c8    00000010     (__TI_cinit_table)

.init_array 
*          0    00000000    00000000     UNINITIALIZED

.binit     0    00000000    00000000     

.data      0    20000000    00000044     UNINITIALIZED
                  20000000    00000020     main.obj (.data:fsm)
                  20000020    00000010     Crystalfontz128x128_ST7735.obj (.data:g_sCrystalfontz128x128)
                  20000030    0000000d     main.obj (.data)
                  2000003d    00000003     --HOLE--
                  20000040    00000004     system_msp432p401r.obj (.data)

.bss       0    20000044    0000000a     UNINITIALIZED
                  20000044    00000002     (.common:Lcd_ScreenHeigth)
                  20000046    00000002     (.common:Lcd_ScreenWidth)
                  20000048    00000002     (.common:Lcd_TouchTrim)
                  2000004a    00000001     (.common:Lcd_FlagRead)
                  2000004b    00000001     (.common:Lcd_FontSolid)
                  2000004c    00000001     (.common:Lcd_Orientation)
                  2000004d    00000001     (.common:Lcd_PenSolid)

.stack     0    2000fe00    00000200     UNINITIALIZED
                  2000fe00    00000004     rtsv7M4_T_le_v4SPD16_eabi.lib : boot_cortex_m.c.obj (.stack)
                  2000fe04    000001fc     --HOLE--

__llvm_prf_cnts 
*          0    20000000    00000000     UNINITIALIZED

MODULE SUMMARY

       Module                                               code   ro data   rw data
       ------                                               ----   -------   -------
    .\
       system_msp432p401r.obj                               820    0         8      
       startup_msp432p401r_ccs.obj                          14     228       0      
    +--+----------------------------------------------------+------+---------+---------+
       Total:                                               834    228       8      
                                                                                    
    .\LcdDriver\
       Crystalfontz128x128_ST7735.obj                       1664   40        52     
       HAL_MSP_EXP432P401R_Crystalfontz128x128_ST7735.obj   204    28        0      
    +--+----------------------------------------------------+------+---------+---------+
       Total:                                               1868   68        52     
                                                                                    
    .\source\
       main.obj                                             508    24        90     
    +--+----------------------------------------------------+------+---------+---------+
       Total:                                               508    24        90     
                                                                                    
    C:/simplelink_msp432p4_sdk_3_40_01_02/source/ti/devices/msp432p4xx/driverlib/ccs/msp432p4xx_driverlib.lib
       adc14.o                                              872    128       0      
       pcm.o                                                888    0         0      
       timer_a.o                                            494    0         0      
       cs.o                                                 356    0         0      
       gpio.o                                               280    48        0      
       spi.o                                                312    0         0      
       interrupt.o                                          160    8         0      
       flash.o                                              72     0         0      
       wdt_a.o                                              36     0         0      
       cpu.o                                                28     0         0      
    +--+----------------------------------------------------+------+---------+---------+
       Total:                                               3498   184       0      
                                                                                    
    C:/simplelink_msp432p4_sdk_3_40_01_02/source/ti/grlib/lib/ccs/m4/grlib.a
       fontfixed6x8.obj                                     0      960       0      
       context.obj                                          174    0         0      
       display.obj                                          48     0         0      
    +--+----------------------------------------------------+------+---------+---------+
       Total:                                               222    960       0      
                                                                                    
    C:\ti\ccs1280\ccs\tools\compiler\ti-cgt-arm_20.2.7.LTS\lib\rtsv7M4_T_le_v4SPD16_eabi.lib
       memcpy_t2.asm.obj                                    156    0         0      
       copy_decompress_lzss.c.obj                           104    0         0      
       autoinit.c.obj                                       68     0         0      
       boot_cortex_m.c.obj                                  52     0         0      
       copy_zero_init.c.obj                                 28     0         0      
       copy_decompress_none.c.obj                           14     0         0      
       exit.c.obj                                           4      0         0      
       pre_init.c.obj                                       4      0         0      
    +--+----------------------------------------------------+------+---------+---------+
       Total:                                               430    0         0      
                                                                                    
       Stack:                                               0      0         1024   
       Linker Generated:                                    0      83        0      
    +--+----------------------------------------------------+------+---------+---------+
       Grand Total:                                         7360   1547      1174   


LINKER GENERATED COPY TABLES

__TI_cinit_table @ 000022c8 records: 2, size/record: 8, table size: 16
	.data: load addr=00002280, load size=0000002f bytes, run addr=20000000, run size=00000044 bytes, compression=lzss
	.bss: load addr=000022c0, load size=00000008 bytes, run addr=20000044, run size=0000000a bytes, compression=zero_init


LINKER GENERATED HANDLER TABLE

__TI_handler_table @ 000022b0 records: 3, size/record: 4, table size: 12
	index: 0, handler: __TI_decompress_lzss
	index: 1, handler: __TI_decompress_none
	index: 2, handler: __TI_zero_init


GLOBAL SYMBOLS: SORTED ALPHABETICALLY BY Name 

address   name                                       
-------   ----                                       
00001d77  ADC14_IRQHandler                           
00001399  ADC14_configureConversionMemory            
0000144d  ADC14_configureMultiSequenceMode           
00001af9  ADC14_enableInterrupt                      
00001d79  ADC14_enableModule                         
000018dd  ADC14_initModule                           
00001d77  AES256_IRQHandler                          
00001d77  BusFault_Handler                           
00001da5  C$$EXIT                                    
00001d77  COMP_E0_IRQHandler                         
00001d77  COMP_E1_IRQHandler                         
00001d85  CPU_cpsid                                  
00001d91  CPU_cpsie                                  
00001d9d  CPU_wfi                                    
00001d77  CS_IRQHandler                              
00001095  CS_initClockSignal                         
00001a91  CS_setDCOCenteredFrequency                 
000000e5  Crystalfontz128x128_Init                   
000001f9  Crystalfontz128x128_SetDrawFrame           
00000327  Crystalfontz128x128_SetOrientation         
00001d77  DMA_ERR_IRQHandler                         
00001d77  DMA_INT0_IRQHandler                        
00001d77  DMA_INT1_IRQHandler                        
00001d77  DMA_INT2_IRQHandler                        
00001d77  DMA_INT3_IRQHandler                        
00001d77  DebugMon_Handler                           
00001d77  Default_Handler                            
00001d77  EUSCIA0_IRQHandler                         
00001d77  EUSCIA1_IRQHandler                         
00001d77  EUSCIA2_IRQHandler                         
00001d77  EUSCIA3_IRQHandler                         
00001d77  EUSCIB0_IRQHandler                         
00001d77  EUSCIB1_IRQHandler                         
00001d77  EUSCIB2_IRQHandler                         
00001d77  EUSCIB3_IRQHandler                         
00001c77  EUSCI_A_SPI_enable                         
00001c8d  EUSCI_B_SPI_enable                         
00001d77  FLCTL_IRQHandler                           
00001d77  FPU_IRQHandler                             
00001985  FlashCtl_setWaitState                      
00001a11  GPIO_setAsOutputPin                        
0000164d  GPIO_setAsPeripheralModuleFunctionOutputPin
00001b55  GPIO_setOutputHighOnPin                    
00001b7d  GPIO_setOutputLowOnPin                     
00001cf9  Graphics_clearDisplay                      
00001c29  Graphics_clearDisplayOnDisplay             
00001931  Graphics_initContext                       
00001c43  Graphics_setBackgroundColor                
00001c5d  Graphics_setFont                           
00001ca3  Graphics_setForegroundColor                
00001cb9  Graphics_translateColorOnDisplay           
000012cd  HAL_LCD_PortInit                           
000012fd  HAL_LCD_SpiInit                            
00001333  HAL_LCD_writeCommand                       
00001363  HAL_LCD_writeData                          
00001d77  HardFault_Handler                          
00001d1d  Interrupt_disableMaster                    
000016d5  Interrupt_enableInterrupt                  
00001d2d  Interrupt_enableMaster                     
2000004a  Lcd_FlagRead                               
2000004b  Lcd_FontSolid                              
2000004c  Lcd_Orientation                            
2000004d  Lcd_PenSolid                               
20000044  Lcd_ScreenHeigth                           
20000046  Lcd_ScreenWidth                            
20000048  Lcd_TouchTrim                              
00001d77  MemManage_Handler                          
00001d77  NMI_Handler                                
00001d77  PCM_IRQHandler                             
00001825  PCM_getCoreVoltageLevel                    
00001883  PCM_getPowerMode                           
00001ce5  PCM_getPowerState                          
00001ba5  PCM_gotoLPM0                               
00001d3d  PCM_setCoreVoltageLevel                    
00001d4d  PCM_setPowerMode                           
00001d77  PORT1_IRQHandler                           
00001d77  PORT2_IRQHandler                           
00001d77  PORT3_IRQHandler                           
00001d77  PORT4_IRQHandler                           
00001d77  PORT5_IRQHandler                           
00001d77  PORT6_IRQHandler                           
00001d77  PSS_IRQHandler                             
00001d77  PendSV_Handler                             
00001d77  RTC_C_IRQHandler                           
00001d6b  Reset_Handler                              
00001bf1  SPI_enableModule                           
00001501  SPI_initMaster                             
00001d77  SVC_Handler                                
00001d77  SysTick_Handler                            
20000040  SystemCoreClock                            
00000765  SystemCoreClockUpdate                      
000009dd  SystemInit                                 
00001d77  T32_INT1_IRQHandler                        
00001d77  T32_INT2_IRQHandler                        
00001d77  T32_INTC_IRQHandler                        
00001d77  TA0_0_IRQHandler                           
00001d77  TA0_N_IRQHandler                           
00000b25  TA1_0_IRQHandler                           
00000b25  TA1_0_IRQHandler                           
00001d77  TA1_N_IRQHandler                           
00001d77  TA2_0_IRQHandler                           
00001d77  TA2_N_IRQHandler                           
00001d77  TA3_0_IRQHandler                           
00001d77  TA3_N_IRQHandler                           
00001b29  Timer_A_clearCaptureCompareInterrupt       
00001755  Timer_A_configureUpMode                    
00001ccf  Timer_A_startCounter                       
00001d77  UsageFault_Handler                         
4000480c  WDTCTL_SYM                                 
00001d77  WDT_A_IRQHandler                           
00001bcd  WDT_A_holdTimer                            
20010000  __STACK_END                                
00000200  __STACK_SIZE                               
000022c8  __TI_CINIT_Base                            
000022d8  __TI_CINIT_Limit                           
000022b0  __TI_Handler_Table_Base                    
000022bc  __TI_Handler_Table_Limit                   
000019cd  __TI_auto_init_nobinit_nopinit             
000017bd  __TI_decompress_lzss                       
00001d5d  __TI_decompress_none                       
ffffffff  __TI_pprof_out_hndl                        
ffffffff  __TI_prof_data_size                        
ffffffff  __TI_prof_data_start                       
00000000  __TI_static_base__                         
00001c0d  __TI_zero_init_nomemset                    
000015b1  __aeabi_memcpy                             
000015b1  __aeabi_memcpy4                            
000015b1  __aeabi_memcpy8                            
ffffffff  __binit__                                  
ffffffff  __c_args__                                 
UNDEFED   __mpu_init                                 
2000fe00  __stack                                    
20000000  __start___llvm_prf_cnts                    
20000000  __stop___llvm_prf_cnts                     
00000acd  _auto                                      
00001ac5  _c_int00_noargs                            
00000b31  _graphicsInit                              
00000b71  _hwInit                                    
00000a99  _init                                      
UNDEFED   _system_post_cinit                         
00001da1  _system_pre_init                           
00000c5d  _updateHw                                  
00001da5  abort                                      
ffffffff  binit                                      
2000003c  current_state                              
00000acf  f3                                         
20000030  fan_state                                  
00000aed  fn_AUTOMATIC                               
00000ad1  fn_INIT                                    
00000adf  fn_MANUAL                                  
00000afb  fn_SETTINGS                                
20000000  fsm                                        
20000020  g_sCrystalfontz128x128                     
00002218  g_sCrystalfontz128x128_funcs               
000020a0  g_sFontFixed6x8                            
20000033  humidifier_state                           
20000034  humidity_sensor_value                      
00000000  interruptVectors                           
00000b09  main                                       
000015b1  memcpy                                     
20000031  pump_state                                 
20000032  resistor_state                             
20000038  temperature_sensor_value                   


GLOBAL SYMBOLS: SORTED BY Symbol Address 

address   name                                       
-------   ----                                       
00000000  __TI_static_base__                         
00000000  interruptVectors                           
000000e5  Crystalfontz128x128_Init                   
000001f9  Crystalfontz128x128_SetDrawFrame           
00000200  __STACK_SIZE                               
00000327  Crystalfontz128x128_SetOrientation         
00000765  SystemCoreClockUpdate                      
000009dd  SystemInit                                 
00000a99  _init                                      
00000acd  _auto                                      
00000acf  f3                                         
00000ad1  fn_INIT                                    
00000adf  fn_MANUAL                                  
00000aed  fn_AUTOMATIC                               
00000afb  fn_SETTINGS                                
00000b09  main                                       
00000b25  TA1_0_IRQHandler                           
00000b25  TA1_0_IRQHandler                           
00000b31  _graphicsInit                              
00000b71  _hwInit                                    
00000c5d  _updateHw                                  
00001095  CS_initClockSignal                         
000012cd  HAL_LCD_PortInit                           
000012fd  HAL_LCD_SpiInit                            
00001333  HAL_LCD_writeCommand                       
00001363  HAL_LCD_writeData                          
00001399  ADC14_configureConversionMemory            
0000144d  ADC14_configureMultiSequenceMode           
00001501  SPI_initMaster                             
000015b1  __aeabi_memcpy                             
000015b1  __aeabi_memcpy4                            
000015b1  __aeabi_memcpy8                            
000015b1  memcpy                                     
0000164d  GPIO_setAsPeripheralModuleFunctionOutputPin
000016d5  Interrupt_enableInterrupt                  
00001755  Timer_A_configureUpMode                    
000017bd  __TI_decompress_lzss                       
00001825  PCM_getCoreVoltageLevel                    
00001883  PCM_getPowerMode                           
000018dd  ADC14_initModule                           
00001931  Graphics_initContext                       
00001985  FlashCtl_setWaitState                      
000019cd  __TI_auto_init_nobinit_nopinit             
00001a11  GPIO_setAsOutputPin                        
00001a91  CS_setDCOCenteredFrequency                 
00001ac5  _c_int00_noargs                            
00001af9  ADC14_enableInterrupt                      
00001b29  Timer_A_clearCaptureCompareInterrupt       
00001b55  GPIO_setOutputHighOnPin                    
00001b7d  GPIO_setOutputLowOnPin                     
00001ba5  PCM_gotoLPM0                               
00001bcd  WDT_A_holdTimer                            
00001bf1  SPI_enableModule                           
00001c0d  __TI_zero_init_nomemset                    
00001c29  Graphics_clearDisplayOnDisplay             
00001c43  Graphics_setBackgroundColor                
00001c5d  Graphics_setFont                           
00001c77  EUSCI_A_SPI_enable                         
00001c8d  EUSCI_B_SPI_enable                         
00001ca3  Graphics_setForegroundColor                
00001cb9  Graphics_translateColorOnDisplay           
00001ccf  Timer_A_startCounter                       
00001ce5  PCM_getPowerState                          
00001cf9  Graphics_clearDisplay                      
00001d1d  Interrupt_disableMaster                    
00001d2d  Interrupt_enableMaster                     
00001d3d  PCM_setCoreVoltageLevel                    
00001d4d  PCM_setPowerMode                           
00001d5d  __TI_decompress_none                       
00001d6b  Reset_Handler                              
00001d77  ADC14_IRQHandler                           
00001d77  AES256_IRQHandler                          
00001d77  BusFault_Handler                           
00001d77  COMP_E0_IRQHandler                         
00001d77  COMP_E1_IRQHandler                         
00001d77  CS_IRQHandler                              
00001d77  DMA_ERR_IRQHandler                         
00001d77  DMA_INT0_IRQHandler                        
00001d77  DMA_INT1_IRQHandler                        
00001d77  DMA_INT2_IRQHandler                        
00001d77  DMA_INT3_IRQHandler                        
00001d77  DebugMon_Handler                           
00001d77  Default_Handler                            
00001d77  EUSCIA0_IRQHandler                         
00001d77  EUSCIA1_IRQHandler                         
00001d77  EUSCIA2_IRQHandler                         
00001d77  EUSCIA3_IRQHandler                         
00001d77  EUSCIB0_IRQHandler                         
00001d77  EUSCIB1_IRQHandler                         
00001d77  EUSCIB2_IRQHandler                         
00001d77  EUSCIB3_IRQHandler                         
00001d77  FLCTL_IRQHandler                           
00001d77  FPU_IRQHandler                             
00001d77  HardFault_Handler                          
00001d77  MemManage_Handler                          
00001d77  NMI_Handler                                
00001d77  PCM_IRQHandler                             
00001d77  PORT1_IRQHandler                           
00001d77  PORT2_IRQHandler                           
00001d77  PORT3_IRQHandler                           
00001d77  PORT4_IRQHandler                           
00001d77  PORT5_IRQHandler                           
00001d77  PORT6_IRQHandler                           
00001d77  PSS_IRQHandler                             
00001d77  PendSV_Handler                             
00001d77  RTC_C_IRQHandler                           
00001d77  SVC_Handler                                
00001d77  SysTick_Handler                            
00001d77  T32_INT1_IRQHandler                        
00001d77  T32_INT2_IRQHandler                        
00001d77  T32_INTC_IRQHandler                        
00001d77  TA0_0_IRQHandler                           
00001d77  TA0_N_IRQHandler                           
00001d77  TA1_N_IRQHandler                           
00001d77  TA2_0_IRQHandler                           
00001d77  TA2_N_IRQHandler                           
00001d77  TA3_0_IRQHandler                           
00001d77  TA3_N_IRQHandler                           
00001d77  UsageFault_Handler                         
00001d77  WDT_A_IRQHandler                           
00001d79  ADC14_enableModule                         
00001d85  CPU_cpsid                                  
00001d91  CPU_cpsie                                  
00001d9d  CPU_wfi                                    
00001da1  _system_pre_init                           
00001da5  C$$EXIT                                    
00001da5  abort                                      
000020a0  g_sFontFixed6x8                            
00002218  g_sCrystalfontz128x128_funcs               
000022b0  __TI_Handler_Table_Base                    
000022bc  __TI_Handler_Table_Limit                   
000022c8  __TI_CINIT_Base                            
000022d8  __TI_CINIT_Limit                           
20000000  __start___llvm_prf_cnts                    
20000000  __stop___llvm_prf_cnts                     
20000000  fsm                                        
20000020  g_sCrystalfontz128x128                     
20000030  fan_state                                  
20000031  pump_state                                 
20000032  resistor_state                             
20000033  humidifier_state                           
20000034  humidity_sensor_value                      
20000038  temperature_sensor_value                   
2000003c  current_state                              
20000040  SystemCoreClock                            
20000044  Lcd_ScreenHeigth                           
20000046  Lcd_ScreenWidth                            
20000048  Lcd_TouchTrim                              
2000004a  Lcd_FlagRead                               
2000004b  Lcd_FontSolid                              
2000004c  Lcd_Orientation                            
2000004d  Lcd_PenSolid                               
2000fe00  __stack                                    
20010000  __STACK_END                                
4000480c  WDTCTL_SYM                                 
ffffffff  __TI_pprof_out_hndl                        
ffffffff  __TI_prof_data_size                        
ffffffff  __TI_prof_data_start                       
ffffffff  __binit__                                  
ffffffff  __c_args__                                 
ffffffff  binit                                      
UNDEFED   __mpu_init                                 
UNDEFED   _system_post_cinit                         

[163 symbols]
