<?xml version="1.0" encoding="ISO-8859-1" ?>
<link_info>
   <banner>TI ARM Linker PC v20.2.7.LTS</banner>
   <copyright>Copyright (c) 1996-2018 Texas Instruments Incorporated</copyright>
   <link_time>0x691cec26</link_time>
   <link_errors>0x0</link_errors>
   <output_file>Greenhouse.out</output_file>
   <entry_point>
      <name>_c_int00_noargs</name>
      <address>0x1ac5</address>
   </entry_point>
   <input_file_list>
      <input_file id="fl-2">
         <path>.\</path>
         <kind>object</kind>
         <file>startup_msp432p401r_ccs.obj</file>
         <name>startup_msp432p401r_ccs.obj</name>
      </input_file>
      <input_file id="fl-3">
         <path>.\</path>
         <kind>object</kind>
         <file>system_msp432p401r.obj</file>
         <name>system_msp432p401r.obj</name>
      </input_file>
      <input_file id="fl-4">
         <path>.\LcdDriver\</path>
         <kind>object</kind>
         <file>Crystalfontz128x128_ST7735.obj</file>
         <name>Crystalfontz128x128_ST7735.obj</name>
      </input_file>
      <input_file id="fl-5">
         <path>.\LcdDriver\</path>
         <kind>object</kind>
         <file>HAL_MSP_EXP432P401R_Crystalfontz128x128_ST7735.obj</file>
         <name>HAL_MSP_EXP432P401R_Crystalfontz128x128_ST7735.obj</name>
      </input_file>
      <input_file id="fl-6">
         <path>.\source\</path>
         <kind>object</kind>
         <file>main.obj</file>
         <name>main.obj</name>
      </input_file>
      <input_file id="fl-d">
         <kind>object</kind>
         <file>&lt;internal&gt;</file>
         <name>&lt;internal&gt;</name>
      </input_file>
      <input_file id="fl-c3">
         <path>C:\ti\ccs1280\ccs\tools\compiler\ti-cgt-arm_20.2.7.LTS\lib\</path>
         <kind>archive</kind>
         <file>rtsv7M4_T_le_v4SPD16_eabi.lib</file>
         <name>copy_zero_init.c.obj</name>
      </input_file>
      <input_file id="fl-c4">
         <path>C:\ti\ccs1280\ccs\tools\compiler\ti-cgt-arm_20.2.7.LTS\lib\</path>
         <kind>archive</kind>
         <file>rtsv7M4_T_le_v4SPD16_eabi.lib</file>
         <name>copy_decompress_none.c.obj</name>
      </input_file>
      <input_file id="fl-c5">
         <path>C:\ti\ccs1280\ccs\tools\compiler\ti-cgt-arm_20.2.7.LTS\lib\</path>
         <kind>archive</kind>
         <file>rtsv7M4_T_le_v4SPD16_eabi.lib</file>
         <name>copy_decompress_lzss.c.obj</name>
      </input_file>
      <input_file id="fl-c6">
         <path>C:\ti\ccs1280\ccs\tools\compiler\ti-cgt-arm_20.2.7.LTS\lib\</path>
         <kind>archive</kind>
         <file>rtsv7M4_T_le_v4SPD16_eabi.lib</file>
         <name>boot_cortex_m.c.obj</name>
      </input_file>
      <input_file id="fl-c7">
         <path>C:\ti\ccs1280\ccs\tools\compiler\ti-cgt-arm_20.2.7.LTS\lib\</path>
         <kind>archive</kind>
         <file>rtsv7M4_T_le_v4SPD16_eabi.lib</file>
         <name>memcpy_t2.asm.obj</name>
      </input_file>
      <input_file id="fl-c8">
         <path>C:\ti\ccs1280\ccs\tools\compiler\ti-cgt-arm_20.2.7.LTS\lib\</path>
         <kind>archive</kind>
         <file>rtsv7M4_T_le_v4SPD16_eabi.lib</file>
         <name>memset_t2.asm.obj</name>
      </input_file>
      <input_file id="fl-c9">
         <path>C:\ti\ccs1280\ccs\tools\compiler\ti-cgt-arm_20.2.7.LTS\lib\</path>
         <kind>archive</kind>
         <file>rtsv7M4_T_le_v4SPD16_eabi.lib</file>
         <name>autoinit.c.obj</name>
      </input_file>
      <input_file id="fl-ca">
         <path>C:\ti\ccs1280\ccs\tools\compiler\ti-cgt-arm_20.2.7.LTS\lib\</path>
         <kind>archive</kind>
         <file>rtsv7M4_T_le_v4SPD16_eabi.lib</file>
         <name>pre_init.c.obj</name>
      </input_file>
      <input_file id="fl-cb">
         <path>C:\ti\ccs1280\ccs\tools\compiler\ti-cgt-arm_20.2.7.LTS\lib\</path>
         <kind>archive</kind>
         <file>rtsv7M4_T_le_v4SPD16_eabi.lib</file>
         <name>cpy_tbl.c.obj</name>
      </input_file>
      <input_file id="fl-cc">
         <path>C:\ti\ccs1280\ccs\tools\compiler\ti-cgt-arm_20.2.7.LTS\lib\</path>
         <kind>archive</kind>
         <file>rtsv7M4_T_le_v4SPD16_eabi.lib</file>
         <name>exit.c.obj</name>
      </input_file>
      <input_file id="fl-cd">
         <path>C:\ti\ccs1280\ccs\tools\compiler\ti-cgt-arm_20.2.7.LTS\lib\</path>
         <kind>archive</kind>
         <file>rtsv7M4_T_le_v4SPD16_eabi.lib</file>
         <name>_lock.c.obj</name>
      </input_file>
      <input_file id="fl-ce">
         <path>C:\ti\ccs1280\ccs\tools\compiler\ti-cgt-arm_20.2.7.LTS\lib\</path>
         <kind>archive</kind>
         <file>rtsv7M4_T_le_v4SPD16_eabi.lib</file>
         <name>args_main.c.obj</name>
      </input_file>
      <input_file id="fl-cf">
         <path>C:\simplelink_msp432p4_sdk_3_40_01_02\source\ti\devices\msp432p4xx\driverlib\ccs\</path>
         <kind>archive</kind>
         <file>msp432p4xx_driverlib.lib</file>
         <name>adc14.o</name>
      </input_file>
      <input_file id="fl-d0">
         <path>C:\simplelink_msp432p4_sdk_3_40_01_02\source\ti\devices\msp432p4xx\driverlib\ccs\</path>
         <kind>archive</kind>
         <file>msp432p4xx_driverlib.lib</file>
         <name>cs.o</name>
      </input_file>
      <input_file id="fl-d1">
         <path>C:\simplelink_msp432p4_sdk_3_40_01_02\source\ti\devices\msp432p4xx\driverlib\ccs\</path>
         <kind>archive</kind>
         <file>msp432p4xx_driverlib.lib</file>
         <name>flash.o</name>
      </input_file>
      <input_file id="fl-d2">
         <path>C:\simplelink_msp432p4_sdk_3_40_01_02\source\ti\devices\msp432p4xx\driverlib\ccs\</path>
         <kind>archive</kind>
         <file>msp432p4xx_driverlib.lib</file>
         <name>gpio.o</name>
      </input_file>
      <input_file id="fl-d3">
         <path>C:\simplelink_msp432p4_sdk_3_40_01_02\source\ti\devices\msp432p4xx\driverlib\ccs\</path>
         <kind>archive</kind>
         <file>msp432p4xx_driverlib.lib</file>
         <name>interrupt.o</name>
      </input_file>
      <input_file id="fl-d4">
         <path>C:\simplelink_msp432p4_sdk_3_40_01_02\source\ti\devices\msp432p4xx\driverlib\ccs\</path>
         <kind>archive</kind>
         <file>msp432p4xx_driverlib.lib</file>
         <name>pcm.o</name>
      </input_file>
      <input_file id="fl-d5">
         <path>C:\simplelink_msp432p4_sdk_3_40_01_02\source\ti\devices\msp432p4xx\driverlib\ccs\</path>
         <kind>archive</kind>
         <file>msp432p4xx_driverlib.lib</file>
         <name>rtc_c.o</name>
      </input_file>
      <input_file id="fl-d6">
         <path>C:\simplelink_msp432p4_sdk_3_40_01_02\source\ti\devices\msp432p4xx\driverlib\ccs\</path>
         <kind>archive</kind>
         <file>msp432p4xx_driverlib.lib</file>
         <name>spi.o</name>
      </input_file>
      <input_file id="fl-d7">
         <path>C:\simplelink_msp432p4_sdk_3_40_01_02\source\ti\devices\msp432p4xx\driverlib\ccs\</path>
         <kind>archive</kind>
         <file>msp432p4xx_driverlib.lib</file>
         <name>sysctl.o</name>
      </input_file>
      <input_file id="fl-d8">
         <path>C:\simplelink_msp432p4_sdk_3_40_01_02\source\ti\devices\msp432p4xx\driverlib\ccs\</path>
         <kind>archive</kind>
         <file>msp432p4xx_driverlib.lib</file>
         <name>sysctl_a.o</name>
      </input_file>
      <input_file id="fl-d9">
         <path>C:\simplelink_msp432p4_sdk_3_40_01_02\source\ti\devices\msp432p4xx\driverlib\ccs\</path>
         <kind>archive</kind>
         <file>msp432p4xx_driverlib.lib</file>
         <name>timer_a.o</name>
      </input_file>
      <input_file id="fl-da">
         <path>C:\simplelink_msp432p4_sdk_3_40_01_02\source\ti\devices\msp432p4xx\driverlib\ccs\</path>
         <kind>archive</kind>
         <file>msp432p4xx_driverlib.lib</file>
         <name>wdt_a.o</name>
      </input_file>
      <input_file id="fl-db">
         <path>C:\simplelink_msp432p4_sdk_3_40_01_02\source\ti\devices\msp432p4xx\driverlib\ccs\</path>
         <kind>archive</kind>
         <file>msp432p4xx_driverlib.lib</file>
         <name>cpu.o</name>
      </input_file>
      <input_file id="fl-dc">
         <path>C:\simplelink_msp432p4_sdk_3_40_01_02\source\ti\grlib\lib\ccs\m4\</path>
         <kind>archive</kind>
         <file>grlib.a</file>
         <name>context.obj</name>
      </input_file>
      <input_file id="fl-dd">
         <path>C:\simplelink_msp432p4_sdk_3_40_01_02\source\ti\grlib\lib\ccs\m4\</path>
         <kind>archive</kind>
         <file>grlib.a</file>
         <name>display.obj</name>
      </input_file>
      <input_file id="fl-de">
         <path>C:\simplelink_msp432p4_sdk_3_40_01_02\source\ti\grlib\lib\ccs\m4\</path>
         <kind>archive</kind>
         <file>grlib.a</file>
         <name>fontfixed6x8.obj</name>
      </input_file>
   </input_file_list>
   <object_component_list>
      <object_component id="oc-26">
         <name>.intvecs:retain</name>
         <load_address>0x0</load_address>
         <run_address>0x0</run_address>
         <size>0xe4</size>
         <input_file_ref idref="fl-2"/>
      </object_component>
      <object_component id="oc-b8">
         <name>.text</name>
         <load_address>0xe4</load_address>
         <run_address>0xe4</run_address>
         <size>0x680</size>
         <input_file_ref idref="fl-4"/>
      </object_component>
      <object_component id="oc-a5">
         <name>.text</name>
         <load_address>0x764</load_address>
         <run_address>0x764</run_address>
         <size>0x334</size>
         <input_file_ref idref="fl-3"/>
      </object_component>
      <object_component id="oc-6d">
         <name>.text</name>
         <load_address>0xa98</load_address>
         <run_address>0xa98</run_address>
         <size>0x1fc</size>
         <input_file_ref idref="fl-6"/>
      </object_component>
      <object_component id="oc-223">
         <name>.text:_getIndexForMemRegister</name>
         <load_address>0xc94</load_address>
         <run_address>0xc94</run_address>
         <size>0x160</size>
         <input_file_ref idref="fl-cf"/>
      </object_component>
      <object_component id="oc-343">
         <name>.text:__PCM_setPowerModeAdvanced</name>
         <load_address>0xdf4</load_address>
         <run_address>0xdf4</run_address>
         <size>0x15c</size>
         <input_file_ref idref="fl-d4"/>
      </object_component>
      <object_component id="oc-1fb">
         <name>.text:privateTimer_AProcessClockSourceDivider</name>
         <load_address>0xf50</load_address>
         <run_address>0xf50</run_address>
         <size>0x144</size>
         <input_file_ref idref="fl-d9"/>
      </object_component>
      <object_component id="oc-136">
         <name>.text:CS_initClockSignal</name>
         <load_address>0x1094</load_address>
         <run_address>0x1094</run_address>
         <size>0x130</size>
         <input_file_ref idref="fl-d0"/>
      </object_component>
      <object_component id="oc-230">
         <name>.text:__PCM_setCoreVoltageLevelAdvanced</name>
         <load_address>0x11c4</load_address>
         <run_address>0x11c4</run_address>
         <size>0x108</size>
         <input_file_ref idref="fl-d4"/>
      </object_component>
      <object_component id="oc-1ca">
         <name>.text</name>
         <load_address>0x12cc</load_address>
         <run_address>0x12cc</run_address>
         <size>0xcc</size>
         <input_file_ref idref="fl-5"/>
      </object_component>
      <object_component id="oc-118">
         <name>.text:ADC14_configureConversionMemory</name>
         <load_address>0x1398</load_address>
         <run_address>0x1398</run_address>
         <size>0xb4</size>
         <input_file_ref idref="fl-cf"/>
      </object_component>
      <object_component id="oc-112">
         <name>.text:ADC14_configureMultiSequenceMode</name>
         <load_address>0x144c</load_address>
         <run_address>0x144c</run_address>
         <size>0xb4</size>
         <input_file_ref idref="fl-cf"/>
      </object_component>
      <object_component id="oc-298">
         <name>.text:SPI_initMaster</name>
         <load_address>0x1500</load_address>
         <run_address>0x1500</run_address>
         <size>0xb0</size>
         <input_file_ref idref="fl-d6"/>
      </object_component>
      <object_component id="oc-37">
         <name>.text</name>
         <load_address>0x15b0</load_address>
         <run_address>0x15b0</run_address>
         <size>0x9c</size>
         <input_file_ref idref="fl-c7"/>
      </object_component>
      <object_component id="oc-292">
         <name>.text:GPIO_setAsPeripheralModuleFunctionOutputPin</name>
         <load_address>0x164c</load_address>
         <run_address>0x164c</run_address>
         <size>0x88</size>
         <input_file_ref idref="fl-d2"/>
      </object_component>
      <object_component id="oc-e2">
         <name>.text:Interrupt_enableInterrupt</name>
         <load_address>0x16d4</load_address>
         <run_address>0x16d4</run_address>
         <size>0x80</size>
         <input_file_ref idref="fl-d3"/>
      </object_component>
      <object_component id="oc-dc">
         <name>.text:Timer_A_configureUpMode</name>
         <load_address>0x1754</load_address>
         <run_address>0x1754</run_address>
         <size>0x68</size>
         <input_file_ref idref="fl-d9"/>
      </object_component>
      <object_component id="oc-17">
         <name>.text:decompress:lzss:__TI_decompress_lzss</name>
         <load_address>0x17bc</load_address>
         <run_address>0x17bc</run_address>
         <size>0x68</size>
         <input_file_ref idref="fl-c5"/>
      </object_component>
      <object_component id="oc-2e8">
         <name>.text:PCM_getCoreVoltageLevel</name>
         <load_address>0x1824</load_address>
         <run_address>0x1824</run_address>
         <size>0x5e</size>
         <input_file_ref idref="fl-d4"/>
      </object_component>
      <object_component id="oc-2e2">
         <name>.text:PCM_getPowerMode</name>
         <load_address>0x1882</load_address>
         <run_address>0x1882</run_address>
         <size>0x5a</size>
         <input_file_ref idref="fl-d4"/>
      </object_component>
      <object_component id="oc-10c">
         <name>.text:ADC14_initModule</name>
         <load_address>0x18dc</load_address>
         <run_address>0x18dc</run_address>
         <size>0x54</size>
         <input_file_ref idref="fl-cf"/>
      </object_component>
      <object_component id="oc-be">
         <name>.text:Graphics_initContext</name>
         <load_address>0x1930</load_address>
         <run_address>0x1930</run_address>
         <size>0x52</size>
         <input_file_ref idref="fl-dc"/>
      </object_component>
      <object_component id="oc-12a">
         <name>.text:FlashCtl_setWaitState</name>
         <load_address>0x1984</load_address>
         <run_address>0x1984</run_address>
         <size>0x48</size>
         <input_file_ref idref="fl-d1"/>
      </object_component>
      <object_component id="oc-17d">
         <name>.text:__TI_auto_init_nobinit_nopinit:__TI_auto_init_nobinit_nopinit</name>
         <load_address>0x19cc</load_address>
         <run_address>0x19cc</run_address>
         <size>0x44</size>
         <input_file_ref idref="fl-c9"/>
      </object_component>
      <object_component id="oc-100">
         <name>.text:GPIO_setAsOutputPin</name>
         <load_address>0x1a10</load_address>
         <run_address>0x1a10</run_address>
         <size>0x40</size>
         <input_file_ref idref="fl-d2"/>
      </object_component>
      <object_component id="oc-322">
         <name>.text:is_A_Module</name>
         <load_address>0x1a50</load_address>
         <run_address>0x1a50</run_address>
         <size>0x40</size>
         <input_file_ref idref="fl-d6"/>
      </object_component>
      <object_component id="oc-130">
         <name>.text:CS_setDCOCenteredFrequency</name>
         <load_address>0x1a90</load_address>
         <run_address>0x1a90</run_address>
         <size>0x34</size>
         <input_file_ref idref="fl-d0"/>
      </object_component>
      <object_component id="oc-55">
         <name>.text:_c_int00_noargs:_c_int00_noargs</name>
         <load_address>0x1ac4</load_address>
         <run_address>0x1ac4</run_address>
         <size>0x34</size>
         <input_file_ref idref="fl-c6"/>
      </object_component>
      <object_component id="oc-11e">
         <name>.text:ADC14_enableInterrupt</name>
         <load_address>0x1af8</load_address>
         <run_address>0x1af8</run_address>
         <size>0x30</size>
         <input_file_ref idref="fl-cf"/>
      </object_component>
      <object_component id="oc-b2">
         <name>.text:Timer_A_clearCaptureCompareInterrupt</name>
         <load_address>0x1b28</load_address>
         <run_address>0x1b28</run_address>
         <size>0x2c</size>
         <input_file_ref idref="fl-d9"/>
      </object_component>
      <object_component id="oc-1d6">
         <name>.text:GPIO_setOutputHighOnPin</name>
         <load_address>0x1b54</load_address>
         <run_address>0x1b54</run_address>
         <size>0x28</size>
         <input_file_ref idref="fl-d2"/>
      </object_component>
      <object_component id="oc-1d0">
         <name>.text:GPIO_setOutputLowOnPin</name>
         <load_address>0x1b7c</load_address>
         <run_address>0x1b7c</run_address>
         <size>0x28</size>
         <input_file_ref idref="fl-d2"/>
      </object_component>
      <object_component id="oc-ac">
         <name>.text:PCM_gotoLPM0</name>
         <load_address>0x1ba4</load_address>
         <run_address>0x1ba4</run_address>
         <size>0x28</size>
         <input_file_ref idref="fl-d4"/>
      </object_component>
      <object_component id="oc-f4">
         <name>.text:WDT_A_holdTimer</name>
         <load_address>0x1bcc</load_address>
         <run_address>0x1bcc</run_address>
         <size>0x24</size>
         <input_file_ref idref="fl-da"/>
      </object_component>
      <object_component id="oc-29e">
         <name>.text:SPI_enableModule</name>
         <load_address>0x1bf0</load_address>
         <run_address>0x1bf0</run_address>
         <size>0x1c</size>
         <input_file_ref idref="fl-d6"/>
      </object_component>
      <object_component id="oc-43">
         <name>.text:decompress:ZI:__TI_zero_init_nomemset:__TI_zero_init_nomemset</name>
         <load_address>0x1c0c</load_address>
         <run_address>0x1c0c</run_address>
         <size>0x1c</size>
         <input_file_ref idref="fl-c3"/>
      </object_component>
      <object_component id="oc-1f4">
         <name>.text:Graphics_clearDisplayOnDisplay</name>
         <load_address>0x1c28</load_address>
         <run_address>0x1c28</run_address>
         <size>0x1a</size>
         <input_file_ref idref="fl-dd"/>
      </object_component>
      <object_component id="oc-ca">
         <name>.text:Graphics_setBackgroundColor</name>
         <load_address>0x1c42</load_address>
         <run_address>0x1c42</run_address>
         <size>0x1a</size>
         <input_file_ref idref="fl-dc"/>
      </object_component>
      <object_component id="oc-d0">
         <name>.text:Graphics_setFont</name>
         <load_address>0x1c5c</load_address>
         <run_address>0x1c5c</run_address>
         <size>0x1a</size>
         <input_file_ref idref="fl-dc"/>
      </object_component>
      <object_component id="oc-32a">
         <name>.text:EUSCI_A_SPI_enable</name>
         <load_address>0x1c76</load_address>
         <run_address>0x1c76</run_address>
         <size>0x16</size>
         <input_file_ref idref="fl-d6"/>
      </object_component>
      <object_component id="oc-330">
         <name>.text:EUSCI_B_SPI_enable</name>
         <load_address>0x1c8c</load_address>
         <run_address>0x1c8c</run_address>
         <size>0x16</size>
         <input_file_ref idref="fl-d6"/>
      </object_component>
      <object_component id="oc-c4">
         <name>.text:Graphics_setForegroundColor</name>
         <load_address>0x1ca2</load_address>
         <run_address>0x1ca2</run_address>
         <size>0x16</size>
         <input_file_ref idref="fl-dc"/>
      </object_component>
      <object_component id="oc-1eb">
         <name>.text:Graphics_translateColorOnDisplay</name>
         <load_address>0x1cb8</load_address>
         <run_address>0x1cb8</run_address>
         <size>0x16</size>
         <input_file_ref idref="fl-dd"/>
      </object_component>
      <object_component id="oc-e8">
         <name>.text:Timer_A_startCounter</name>
         <load_address>0x1cce</load_address>
         <run_address>0x1cce</run_address>
         <size>0x16</size>
         <input_file_ref idref="fl-d9"/>
      </object_component>
      <object_component id="oc-2ee">
         <name>.text:PCM_getPowerState</name>
         <load_address>0x1ce4</load_address>
         <run_address>0x1ce4</run_address>
         <size>0x14</size>
         <input_file_ref idref="fl-d4"/>
      </object_component>
      <object_component id="oc-d6">
         <name>.text:Graphics_clearDisplay</name>
         <load_address>0x1cf8</load_address>
         <run_address>0x1cf8</run_address>
         <size>0x12</size>
         <input_file_ref idref="fl-dc"/>
      </object_component>
      <object_component id="oc-21c">
         <name>.text:ADCIsConversionRunning</name>
         <load_address>0x1d0c</load_address>
         <run_address>0x1d0c</run_address>
         <size>0x10</size>
         <input_file_ref idref="fl-cf"/>
      </object_component>
      <object_component id="oc-fa">
         <name>.text:Interrupt_disableMaster</name>
         <load_address>0x1d1c</load_address>
         <run_address>0x1d1c</run_address>
         <size>0x10</size>
         <input_file_ref idref="fl-d3"/>
      </object_component>
      <object_component id="oc-ee">
         <name>.text:Interrupt_enableMaster</name>
         <load_address>0x1d2c</load_address>
         <run_address>0x1d2c</run_address>
         <size>0x10</size>
         <input_file_ref idref="fl-d3"/>
      </object_component>
      <object_component id="oc-124">
         <name>.text:PCM_setCoreVoltageLevel</name>
         <load_address>0x1d3c</load_address>
         <run_address>0x1d3c</run_address>
         <size>0x10</size>
         <input_file_ref idref="fl-d4"/>
      </object_component>
      <object_component id="oc-2f4">
         <name>.text:PCM_setPowerMode</name>
         <load_address>0x1d4c</load_address>
         <run_address>0x1d4c</run_address>
         <size>0x10</size>
         <input_file_ref idref="fl-d4"/>
      </object_component>
      <object_component id="oc-1d">
         <name>.text:decompress:none:__TI_decompress_none</name>
         <load_address>0x1d5c</load_address>
         <run_address>0x1d5c</run_address>
         <size>0xe</size>
         <input_file_ref idref="fl-c4"/>
      </object_component>
      <object_component id="oc-67">
         <name>.text</name>
         <load_address>0x1d6a</load_address>
         <run_address>0x1d6a</run_address>
         <size>0xe</size>
         <input_file_ref idref="fl-2"/>
      </object_component>
      <object_component id="oc-106">
         <name>.text:ADC14_enableModule</name>
         <load_address>0x1d78</load_address>
         <run_address>0x1d78</run_address>
         <size>0xc</size>
         <input_file_ref idref="fl-cf"/>
      </object_component>
      <object_component id="oc-210">
         <name>.text:CPU_cpsid</name>
         <load_address>0x1d84</load_address>
         <run_address>0x1d84</run_address>
         <size>0xc</size>
         <input_file_ref idref="fl-db"/>
      </object_component>
      <object_component id="oc-208">
         <name>.text:CPU_cpsie</name>
         <load_address>0x1d90</load_address>
         <run_address>0x1d90</run_address>
         <size>0xc</size>
         <input_file_ref idref="fl-db"/>
      </object_component>
      <object_component id="oc-1b8">
         <name>.text:CPU_wfi</name>
         <load_address>0x1d9c</load_address>
         <run_address>0x1d9c</run_address>
         <size>0x4</size>
         <input_file_ref idref="fl-db"/>
      </object_component>
      <object_component id="oc-93">
         <name>.text:_system_pre_init</name>
         <load_address>0x1da0</load_address>
         <run_address>0x1da0</run_address>
         <size>0x4</size>
         <input_file_ref idref="fl-ca"/>
      </object_component>
      <object_component id="oc-171">
         <name>.text:abort:abort</name>
         <load_address>0x1da4</load_address>
         <run_address>0x1da4</run_address>
         <size>0x4</size>
         <input_file_ref idref="fl-cc"/>
      </object_component>
      <object_component id="oc-24c">
         <name>.const:.string:g_pucFontFixed6x8Data</name>
         <load_address>0x1da8</load_address>
         <run_address>0x1da8</run_address>
         <size>0x2f8</size>
         <input_file_ref idref="fl-de"/>
      </object_component>
      <object_component id="oc-148">
         <name>.const:g_sFontFixed6x8</name>
         <load_address>0x20a0</load_address>
         <run_address>0x20a0</run_address>
         <size>0xc8</size>
         <input_file_ref idref="fl-de"/>
      </object_component>
      <object_component id="oc-229">
         <name>.const:_ctlRegs</name>
         <load_address>0x2168</load_address>
         <run_address>0x2168</run_address>
         <size>0x80</size>
         <input_file_ref idref="fl-cf"/>
      </object_component>
      <object_component id="oc-217">
         <name>.const:GPIO_PORT_TO_BASE</name>
         <load_address>0x21e8</load_address>
         <run_address>0x21e8</run_address>
         <size>0x30</size>
         <input_file_ref idref="fl-d2"/>
      </object_component>
      <object_component id="oc-145">
         <name>.const:g_sCrystalfontz128x128_funcs</name>
         <load_address>0x2218</load_address>
         <run_address>0x2218</run_address>
         <size>0x20</size>
         <input_file_ref idref="fl-4"/>
      </object_component>
      <object_component id="oc-2a4">
         <name>.const:$P$T0$1</name>
         <load_address>0x2238</load_address>
         <run_address>0x2238</run_address>
         <size>0x1c</size>
         <input_file_ref idref="fl-5"/>
      </object_component>
      <object_component id="oc-14b">
         <name>.const:$P$T0$2</name>
         <load_address>0x2254</load_address>
         <run_address>0x2254</run_address>
         <size>0x18</size>
         <input_file_ref idref="fl-6"/>
      </object_component>
      <object_component id="oc-1e5">
         <name>.const:$P$T0$1</name>
         <load_address>0x226c</load_address>
         <run_address>0x226c</run_address>
         <size>0x8</size>
         <input_file_ref idref="fl-4"/>
      </object_component>
      <object_component id="oc-203">
         <name>.const:g_pulEnRegs</name>
         <load_address>0x2274</load_address>
         <run_address>0x2274</run_address>
         <size>0x8</size>
         <input_file_ref idref="fl-d3"/>
      </object_component>
      <object_component id="oc-39e">
         <name>.cinit..data.load</name>
         <load_address>0x2280</load_address>
         <run_address>0x2280</run_address>
         <size>0x2f</size>
      </object_component>
      <object_component id="oc-39c">
         <name>__TI_handler_table</name>
         <load_address>0x22b0</load_address>
         <run_address>0x22b0</run_address>
         <size>0xc</size>
      </object_component>
      <object_component id="oc-39f">
         <name>.cinit..bss.load</name>
         <load_address>0x22c0</load_address>
         <run_address>0x22c0</run_address>
         <size>0x8</size>
      </object_component>
      <object_component id="oc-39d">
         <name>__TI_cinit_table</name>
         <load_address>0x22c8</load_address>
         <run_address>0x22c8</run_address>
         <size>0x10</size>
      </object_component>
      <object_component id="oc-370">
         <name>.binit</name>
         <load_address>0x0</load_address>
         <run_address>0x0</run_address>
         <size>0x0</size>
      </object_component>
      <object_component id="oc-1af">
         <name>.data</name>
         <load_address>0x20000040</load_address>
         <run_address>0x20000040</run_address>
         <size>0x4</size>
         <input_file_ref idref="fl-3"/>
      </object_component>
      <object_component id="oc-142">
         <name>.data:g_sCrystalfontz128x128</name>
         <load_address>0x20000020</load_address>
         <run_address>0x20000020</run_address>
         <size>0x10</size>
         <input_file_ref idref="fl-4"/>
      </object_component>
      <object_component id="oc-13c">
         <name>.data</name>
         <load_address>0x20000030</load_address>
         <run_address>0x20000030</run_address>
         <size>0xd</size>
         <input_file_ref idref="fl-6"/>
      </object_component>
      <object_component id="oc-13f">
         <name>.data:fsm</name>
         <load_address>0x20000000</load_address>
         <run_address>0x20000000</run_address>
         <size>0x20</size>
         <input_file_ref idref="fl-6"/>
      </object_component>
      <object_component id="oc-1e4">
         <name>.common:Lcd_Orientation</name>
         <uninitialized>true</uninitialized>
         <run_address>0x2000004c</run_address>
         <size>0x1</size>
      </object_component>
      <object_component id="oc-1dc">
         <name>.common:Lcd_ScreenWidth</name>
         <uninitialized>true</uninitialized>
         <run_address>0x20000046</run_address>
         <size>0x2</size>
      </object_component>
      <object_component id="oc-1df">
         <name>.common:Lcd_ScreenHeigth</name>
         <uninitialized>true</uninitialized>
         <run_address>0x20000044</run_address>
         <size>0x2</size>
      </object_component>
      <object_component id="oc-1e0">
         <name>.common:Lcd_PenSolid</name>
         <uninitialized>true</uninitialized>
         <run_address>0x2000004d</run_address>
         <size>0x1</size>
      </object_component>
      <object_component id="oc-1e1">
         <name>.common:Lcd_FontSolid</name>
         <uninitialized>true</uninitialized>
         <run_address>0x2000004b</run_address>
         <size>0x1</size>
      </object_component>
      <object_component id="oc-1e2">
         <name>.common:Lcd_FlagRead</name>
         <uninitialized>true</uninitialized>
         <run_address>0x2000004a</run_address>
         <size>0x1</size>
      </object_component>
      <object_component id="oc-1e3">
         <name>.common:Lcd_TouchTrim</name>
         <uninitialized>true</uninitialized>
         <run_address>0x20000048</run_address>
         <size>0x2</size>
      </object_component>
      <object_component id="oc-29">
         <name>.stack</name>
         <uninitialized>true</uninitialized>
         <run_address>0x2000fe00</run_address>
         <size>0x4</size>
         <input_file_ref idref="fl-c6"/>
      </object_component>
      <object_component id="oc-3a1">
         <name>.stack</name>
         <uninitialized>true</uninitialized>
         <run_address>0x2000fe00</run_address>
         <size>0x0</size>
      </object_component>
      <object_component id="oc-75">
         <name>.debug_info</name>
         <load_address>0x0</load_address>
         <run_address>0x0</run_address>
         <size>0x2e5</size>
         <input_file_ref idref="fl-2"/>
      </object_component>
      <object_component id="oc-27">
         <name>.debug_info</name>
         <load_address>0x2e5</load_address>
         <run_address>0x2e5</run_address>
         <size>0x111</size>
         <input_file_ref idref="fl-2"/>
      </object_component>
      <object_component id="oc-68">
         <name>.debug_info</name>
         <load_address>0x3f6</load_address>
         <run_address>0x3f6</run_address>
         <size>0x1d8</size>
         <input_file_ref idref="fl-2"/>
      </object_component>
      <object_component id="oc-15c">
         <name>.debug_info</name>
         <load_address>0x5ce</load_address>
         <run_address>0x5ce</run_address>
         <size>0x26b</size>
         <input_file_ref idref="fl-2"/>
      </object_component>
      <object_component id="oc-32">
         <name>.debug_info</name>
         <load_address>0x839</load_address>
         <run_address>0x839</run_address>
         <size>0x84</size>
         <input_file_ref idref="fl-2"/>
      </object_component>
      <object_component id="oc-265">
         <name>.debug_info</name>
         <load_address>0x8bd</load_address>
         <run_address>0x8bd</run_address>
         <size>0x2a4</size>
         <input_file_ref idref="fl-2"/>
      </object_component>
      <object_component id="oc-23c">
         <name>.debug_info</name>
         <load_address>0xb61</load_address>
         <run_address>0xb61</run_address>
         <size>0xef</size>
         <input_file_ref idref="fl-2"/>
      </object_component>
      <object_component id="oc-1b3">
         <name>.debug_info</name>
         <load_address>0xc50</load_address>
         <run_address>0xc50</run_address>
         <size>0xbb</size>
         <input_file_ref idref="fl-2"/>
      </object_component>
      <object_component id="oc-2ff">
         <name>.debug_info</name>
         <load_address>0xd0b</load_address>
         <run_address>0xd0b</run_address>
         <size>0x553</size>
         <input_file_ref idref="fl-3"/>
      </object_component>
      <object_component id="oc-1b0">
         <name>.debug_info</name>
         <load_address>0x125e</load_address>
         <run_address>0x125e</run_address>
         <size>0x10a</size>
         <input_file_ref idref="fl-3"/>
      </object_component>
      <object_component id="oc-a7">
         <name>.debug_info</name>
         <load_address>0x1368</load_address>
         <run_address>0x1368</run_address>
         <size>0x27c</size>
         <input_file_ref idref="fl-3"/>
      </object_component>
      <object_component id="oc-34c">
         <name>.debug_info</name>
         <load_address>0x15e4</load_address>
         <run_address>0x15e4</run_address>
         <size>0x37e2</size>
         <input_file_ref idref="fl-3"/>
      </object_component>
      <object_component id="oc-25b">
         <name>.debug_info</name>
         <load_address>0x4dc6</load_address>
         <run_address>0x4dc6</run_address>
         <size>0x1055</size>
         <input_file_ref idref="fl-3"/>
      </object_component>
      <object_component id="oc-1dd">
         <name>.debug_info</name>
         <load_address>0x5e1b</load_address>
         <run_address>0x5e1b</run_address>
         <size>0x947</size>
         <input_file_ref idref="fl-4"/>
      </object_component>
      <object_component id="oc-143">
         <name>.debug_info</name>
         <load_address>0x6762</load_address>
         <run_address>0x6762</run_address>
         <size>0x12b</size>
         <input_file_ref idref="fl-4"/>
      </object_component>
      <object_component id="oc-146">
         <name>.debug_info</name>
         <load_address>0x688d</load_address>
         <run_address>0x688d</run_address>
         <size>0x137</size>
         <input_file_ref idref="fl-4"/>
      </object_component>
      <object_component id="oc-1e6">
         <name>.debug_info</name>
         <load_address>0x69c4</load_address>
         <run_address>0x69c4</run_address>
         <size>0x10c</size>
         <input_file_ref idref="fl-4"/>
      </object_component>
      <object_component id="oc-ba">
         <name>.debug_info</name>
         <load_address>0x6ad0</load_address>
         <run_address>0x6ad0</run_address>
         <size>0x153a</size>
         <input_file_ref idref="fl-4"/>
      </object_component>
      <object_component id="oc-256">
         <name>.debug_info</name>
         <load_address>0x800a</load_address>
         <run_address>0x800a</run_address>
         <size>0x37e2</size>
         <input_file_ref idref="fl-4"/>
      </object_component>
      <object_component id="oc-155">
         <name>.debug_info</name>
         <load_address>0xb7ec</load_address>
         <run_address>0xb7ec</run_address>
         <size>0x439</size>
         <input_file_ref idref="fl-4"/>
      </object_component>
      <object_component id="oc-260">
         <name>.debug_info</name>
         <load_address>0xbc25</load_address>
         <run_address>0xbc25</run_address>
         <size>0x341</size>
         <input_file_ref idref="fl-4"/>
      </object_component>
      <object_component id="oc-2a8">
         <name>.debug_info</name>
         <load_address>0xbf66</load_address>
         <run_address>0xbf66</run_address>
         <size>0x131</size>
         <input_file_ref idref="fl-4"/>
      </object_component>
      <object_component id="oc-339">
         <name>.debug_info</name>
         <load_address>0xc097</load_address>
         <run_address>0xc097</run_address>
         <size>0x88d</size>
         <input_file_ref idref="fl-5"/>
      </object_component>
      <object_component id="oc-2a5">
         <name>.debug_info</name>
         <load_address>0xc924</load_address>
         <run_address>0xc924</run_address>
         <size>0x11f</size>
         <input_file_ref idref="fl-5"/>
      </object_component>
      <object_component id="oc-1cc">
         <name>.debug_info</name>
         <load_address>0xca43</load_address>
         <run_address>0xca43</run_address>
         <size>0x5b9</size>
         <input_file_ref idref="fl-5"/>
      </object_component>
      <object_component id="oc-14f">
         <name>.debug_info</name>
         <load_address>0xcffc</load_address>
         <run_address>0xcffc</run_address>
         <size>0x8b</size>
         <input_file_ref idref="fl-5"/>
      </object_component>
      <object_component id="oc-154">
         <name>.debug_info</name>
         <load_address>0xd087</load_address>
         <run_address>0xd087</run_address>
         <size>0xe2b</size>
         <input_file_ref idref="fl-6"/>
      </object_component>
      <object_component id="oc-13d">
         <name>.debug_info</name>
         <load_address>0xdeb2</load_address>
         <run_address>0xdeb2</run_address>
         <size>0x221</size>
         <input_file_ref idref="fl-6"/>
      </object_component>
      <object_component id="oc-140">
         <name>.debug_info</name>
         <load_address>0xe0d3</load_address>
         <run_address>0xe0d3</run_address>
         <size>0xeb</size>
         <input_file_ref idref="fl-6"/>
      </object_component>
      <object_component id="oc-14c">
         <name>.debug_info</name>
         <load_address>0xe1be</load_address>
         <run_address>0xe1be</run_address>
         <size>0xf2</size>
         <input_file_ref idref="fl-6"/>
      </object_component>
      <object_component id="oc-6e">
         <name>.debug_info</name>
         <load_address>0xe2b0</load_address>
         <run_address>0xe2b0</run_address>
         <size>0x986</size>
         <input_file_ref idref="fl-6"/>
      </object_component>
      <object_component id="oc-241">
         <name>.debug_info</name>
         <load_address>0xec36</load_address>
         <run_address>0xec36</run_address>
         <size>0xa2</size>
         <input_file_ref idref="fl-6"/>
      </object_component>
      <object_component id="oc-8c">
         <name>.debug_info</name>
         <load_address>0xecd8</load_address>
         <run_address>0xecd8</run_address>
         <size>0x2d4</size>
         <input_file_ref idref="fl-c3"/>
      </object_component>
      <object_component id="oc-45">
         <name>.debug_info</name>
         <load_address>0xefac</load_address>
         <run_address>0xefac</run_address>
         <size>0x1d2</size>
         <input_file_ref idref="fl-c3"/>
      </object_component>
      <object_component id="oc-87">
         <name>.debug_info</name>
         <load_address>0xf17e</load_address>
         <run_address>0xf17e</run_address>
         <size>0x46</size>
         <input_file_ref idref="fl-c3"/>
      </object_component>
      <object_component id="oc-168">
         <name>.debug_info</name>
         <load_address>0xf1c4</load_address>
         <run_address>0xf1c4</run_address>
         <size>0x2c</size>
         <input_file_ref idref="fl-c3"/>
      </object_component>
      <object_component id="oc-42">
         <name>.debug_info</name>
         <load_address>0xf1f0</load_address>
         <run_address>0xf1f0</run_address>
         <size>0x2a8</size>
         <input_file_ref idref="fl-c4"/>
      </object_component>
      <object_component id="oc-1e">
         <name>.debug_info</name>
         <load_address>0xf498</load_address>
         <run_address>0xf498</run_address>
         <size>0x1ea</size>
         <input_file_ref idref="fl-c4"/>
      </object_component>
      <object_component id="oc-3d">
         <name>.debug_info</name>
         <load_address>0xf682</load_address>
         <run_address>0xf682</run_address>
         <size>0x46</size>
         <input_file_ref idref="fl-c4"/>
      </object_component>
      <object_component id="oc-7f">
         <name>.debug_info</name>
         <load_address>0xf6c8</load_address>
         <run_address>0xf6c8</run_address>
         <size>0x2c</size>
         <input_file_ref idref="fl-c4"/>
      </object_component>
      <object_component id="oc-7d">
         <name>.debug_info</name>
         <load_address>0xf6f4</load_address>
         <run_address>0xf6f4</run_address>
         <size>0x29e</size>
         <input_file_ref idref="fl-c5"/>
      </object_component>
      <object_component id="oc-1b">
         <name>.debug_info</name>
         <load_address>0xf992</load_address>
         <run_address>0xf992</run_address>
         <size>0x250</size>
         <input_file_ref idref="fl-c5"/>
      </object_component>
      <object_component id="oc-2d">
         <name>.debug_info</name>
         <load_address>0xfbe2</load_address>
         <run_address>0xfbe2</run_address>
         <size>0x60</size>
         <input_file_ref idref="fl-c5"/>
      </object_component>
      <object_component id="oc-161">
         <name>.debug_info</name>
         <load_address>0xfc42</load_address>
         <run_address>0xfc42</run_address>
         <size>0x46</size>
         <input_file_ref idref="fl-c5"/>
      </object_component>
      <object_component id="oc-78">
         <name>.debug_info</name>
         <load_address>0xfc88</load_address>
         <run_address>0xfc88</run_address>
         <size>0x39</size>
         <input_file_ref idref="fl-c5"/>
      </object_component>
      <object_component id="oc-2a">
         <name>.debug_info</name>
         <load_address>0xfcc1</load_address>
         <run_address>0xfcc1</run_address>
         <size>0x10b</size>
         <input_file_ref idref="fl-c6"/>
      </object_component>
      <object_component id="oc-59">
         <name>.debug_info</name>
         <load_address>0xfdcc</load_address>
         <run_address>0xfdcc</run_address>
         <size>0x1a9</size>
         <input_file_ref idref="fl-c6"/>
      </object_component>
      <object_component id="oc-39">
         <name>.debug_info</name>
         <load_address>0xff75</load_address>
         <run_address>0xff75</run_address>
         <size>0x119</size>
         <input_file_ref idref="fl-c7"/>
      </object_component>
      <object_component id="oc-275">
         <name>.debug_info</name>
         <load_address>0x1008e</load_address>
         <run_address>0x1008e</run_address>
         <size>0x4b3</size>
         <input_file_ref idref="fl-c9"/>
      </object_component>
      <object_component id="oc-17e">
         <name>.debug_info</name>
         <load_address>0x10541</load_address>
         <run_address>0x10541</run_address>
         <size>0x1a6</size>
         <input_file_ref idref="fl-c9"/>
      </object_component>
      <object_component id="oc-310">
         <name>.debug_info</name>
         <load_address>0x106e7</load_address>
         <run_address>0x106e7</run_address>
         <size>0x39</size>
         <input_file_ref idref="fl-c9"/>
      </object_component>
      <object_component id="oc-354">
         <name>.debug_info</name>
         <load_address>0x10720</load_address>
         <run_address>0x10720</run_address>
         <size>0x39</size>
         <input_file_ref idref="fl-c9"/>
      </object_component>
      <object_component id="oc-315">
         <name>.debug_info</name>
         <load_address>0x10759</load_address>
         <run_address>0x10759</run_address>
         <size>0x39</size>
         <input_file_ref idref="fl-c9"/>
      </object_component>
      <object_component id="oc-31a">
         <name>.debug_info</name>
         <load_address>0x10792</load_address>
         <run_address>0x10792</run_address>
         <size>0xcd</size>
         <input_file_ref idref="fl-c9"/>
      </object_component>
      <object_component id="oc-95">
         <name>.debug_info</name>
         <load_address>0x1085f</load_address>
         <run_address>0x1085f</run_address>
         <size>0x153</size>
         <input_file_ref idref="fl-ca"/>
      </object_component>
      <object_component id="oc-173">
         <name>.debug_info</name>
         <load_address>0x109b2</load_address>
         <run_address>0x109b2</run_address>
         <size>0x122</size>
         <input_file_ref idref="fl-cc"/>
      </object_component>
      <object_component id="oc-22e">
         <name>.debug_info</name>
         <load_address>0x10ad4</load_address>
         <run_address>0x10ad4</run_address>
         <size>0x706</size>
         <input_file_ref idref="fl-cf"/>
      </object_component>
      <object_component id="oc-22a">
         <name>.debug_info</name>
         <load_address>0x111da</load_address>
         <run_address>0x111da</run_address>
         <size>0x124</size>
         <input_file_ref idref="fl-cf"/>
      </object_component>
      <object_component id="oc-227">
         <name>.debug_info</name>
         <load_address>0x112fe</load_address>
         <run_address>0x112fe</run_address>
         <size>0x1d9</size>
         <input_file_ref idref="fl-cf"/>
      </object_component>
      <object_component id="oc-220">
         <name>.debug_info</name>
         <load_address>0x114d7</load_address>
         <run_address>0x114d7</run_address>
         <size>0x1b8</size>
         <input_file_ref idref="fl-cf"/>
      </object_component>
      <object_component id="oc-10a">
         <name>.debug_info</name>
         <load_address>0x1168f</load_address>
         <run_address>0x1168f</run_address>
         <size>0x1ad</size>
         <input_file_ref idref="fl-cf"/>
      </object_component>
      <object_component id="oc-110">
         <name>.debug_info</name>
         <load_address>0x1183c</load_address>
         <run_address>0x1183c</run_address>
         <size>0x2fa</size>
         <input_file_ref idref="fl-cf"/>
      </object_component>
      <object_component id="oc-116">
         <name>.debug_info</name>
         <load_address>0x11b36</load_address>
         <run_address>0x11b36</run_address>
         <size>0x308</size>
         <input_file_ref idref="fl-cf"/>
      </object_component>
      <object_component id="oc-11c">
         <name>.debug_info</name>
         <load_address>0x11e3e</load_address>
         <run_address>0x11e3e</run_address>
         <size>0x38b</size>
         <input_file_ref idref="fl-cf"/>
      </object_component>
      <object_component id="oc-122">
         <name>.debug_info</name>
         <load_address>0x121c9</load_address>
         <run_address>0x121c9</run_address>
         <size>0x1eb</size>
         <input_file_ref idref="fl-cf"/>
      </object_component>
      <object_component id="oc-2c5">
         <name>.debug_info</name>
         <load_address>0x123b4</load_address>
         <run_address>0x123b4</run_address>
         <size>0x431a</size>
         <input_file_ref idref="fl-cf"/>
      </object_component>
      <object_component id="oc-2ba">
         <name>.debug_info</name>
         <load_address>0x166ce</load_address>
         <run_address>0x166ce</run_address>
         <size>0x26b</size>
         <input_file_ref idref="fl-cf"/>
      </object_component>
      <object_component id="oc-2ca">
         <name>.debug_info</name>
         <load_address>0x16939</load_address>
         <run_address>0x16939</run_address>
         <size>0x1028</size>
         <input_file_ref idref="fl-cf"/>
      </object_component>
      <object_component id="oc-28d">
         <name>.debug_info</name>
         <load_address>0x17961</load_address>
         <run_address>0x17961</run_address>
         <size>0x297</size>
         <input_file_ref idref="fl-cf"/>
      </object_component>
      <object_component id="oc-1c5">
         <name>.debug_info</name>
         <load_address>0x17bf8</load_address>
         <run_address>0x17bf8</run_address>
         <size>0xef</size>
         <input_file_ref idref="fl-cf"/>
      </object_component>
      <object_component id="oc-1c0">
         <name>.debug_info</name>
         <load_address>0x17ce7</load_address>
         <run_address>0x17ce7</run_address>
         <size>0xbb</size>
         <input_file_ref idref="fl-cf"/>
      </object_component>
      <object_component id="oc-137">
         <name>.debug_info</name>
         <load_address>0x17da2</load_address>
         <run_address>0x17da2</run_address>
         <size>0x29d</size>
         <input_file_ref idref="fl-d0"/>
      </object_component>
      <object_component id="oc-131">
         <name>.debug_info</name>
         <load_address>0x1803f</load_address>
         <run_address>0x1803f</run_address>
         <size>0x1e5</size>
         <input_file_ref idref="fl-d0"/>
      </object_component>
      <object_component id="oc-12b">
         <name>.debug_info</name>
         <load_address>0x18224</load_address>
         <run_address>0x18224</run_address>
         <size>0x224</size>
         <input_file_ref idref="fl-d1"/>
      </object_component>
      <object_component id="oc-2db">
         <name>.debug_info</name>
         <load_address>0x18448</load_address>
         <run_address>0x18448</run_address>
         <size>0x701</size>
         <input_file_ref idref="fl-d2"/>
      </object_component>
      <object_component id="oc-218">
         <name>.debug_info</name>
         <load_address>0x18b49</load_address>
         <run_address>0x18b49</run_address>
         <size>0x135</size>
         <input_file_ref idref="fl-d2"/>
      </object_component>
      <object_component id="oc-101">
         <name>.debug_info</name>
         <load_address>0x18c7e</load_address>
         <run_address>0x18c7e</run_address>
         <size>0x252</size>
         <input_file_ref idref="fl-d2"/>
      </object_component>
      <object_component id="oc-293">
         <name>.debug_info</name>
         <load_address>0x18ed0</load_address>
         <run_address>0x18ed0</run_address>
         <size>0x2a5</size>
         <input_file_ref idref="fl-d2"/>
      </object_component>
      <object_component id="oc-1d7">
         <name>.debug_info</name>
         <load_address>0x19175</load_address>
         <run_address>0x19175</run_address>
         <size>0x25a</size>
         <input_file_ref idref="fl-d2"/>
      </object_component>
      <object_component id="oc-1d1">
         <name>.debug_info</name>
         <load_address>0x193cf</load_address>
         <run_address>0x193cf</run_address>
         <size>0x258</size>
         <input_file_ref idref="fl-d2"/>
      </object_component>
      <object_component id="oc-2d6">
         <name>.debug_info</name>
         <load_address>0x19627</load_address>
         <run_address>0x19627</run_address>
         <size>0x68f</size>
         <input_file_ref idref="fl-d3"/>
      </object_component>
      <object_component id="oc-204">
         <name>.debug_info</name>
         <load_address>0x19cb6</load_address>
         <run_address>0x19cb6</run_address>
         <size>0x12e</size>
         <input_file_ref idref="fl-d3"/>
      </object_component>
      <object_component id="oc-f2">
         <name>.debug_info</name>
         <load_address>0x19de4</load_address>
         <run_address>0x19de4</run_address>
         <size>0x1d5</size>
         <input_file_ref idref="fl-d3"/>
      </object_component>
      <object_component id="oc-fe">
         <name>.debug_info</name>
         <load_address>0x19fb9</load_address>
         <run_address>0x19fb9</run_address>
         <size>0x1d7</size>
         <input_file_ref idref="fl-d3"/>
      </object_component>
      <object_component id="oc-e6">
         <name>.debug_info</name>
         <load_address>0x1a190</load_address>
         <run_address>0x1a190</run_address>
         <size>0x219</size>
         <input_file_ref idref="fl-d3"/>
      </object_component>
      <object_component id="oc-231">
         <name>.debug_info</name>
         <load_address>0x1a3a9</load_address>
         <run_address>0x1a3a9</run_address>
         <size>0x3a5</size>
         <input_file_ref idref="fl-d4"/>
      </object_component>
      <object_component id="oc-125">
         <name>.debug_info</name>
         <load_address>0x1a74e</load_address>
         <run_address>0x1a74e</run_address>
         <size>0x220</size>
         <input_file_ref idref="fl-d4"/>
      </object_component>
      <object_component id="oc-2e3">
         <name>.debug_info</name>
         <load_address>0x1a96e</load_address>
         <run_address>0x1a96e</run_address>
         <size>0x1eb</size>
         <input_file_ref idref="fl-d4"/>
      </object_component>
      <object_component id="oc-2e9">
         <name>.debug_info</name>
         <load_address>0x1ab59</load_address>
         <run_address>0x1ab59</run_address>
         <size>0x1f9</size>
         <input_file_ref idref="fl-d4"/>
      </object_component>
      <object_component id="oc-344">
         <name>.debug_info</name>
         <load_address>0x1ad52</load_address>
         <run_address>0x1ad52</run_address>
         <size>0x346</size>
         <input_file_ref idref="fl-d4"/>
      </object_component>
      <object_component id="oc-2f5">
         <name>.debug_info</name>
         <load_address>0x1b098</load_address>
         <run_address>0x1b098</run_address>
         <size>0x202</size>
         <input_file_ref idref="fl-d4"/>
      </object_component>
      <object_component id="oc-ad">
         <name>.debug_info</name>
         <load_address>0x1b29a</load_address>
         <run_address>0x1b29a</run_address>
         <size>0x1b0</size>
         <input_file_ref idref="fl-d4"/>
      </object_component>
      <object_component id="oc-2ef">
         <name>.debug_info</name>
         <load_address>0x1b44a</load_address>
         <run_address>0x1b44a</run_address>
         <size>0x1ac</size>
         <input_file_ref idref="fl-d4"/>
      </object_component>
      <object_component id="oc-329">
         <name>.debug_info</name>
         <load_address>0x1b5f6</load_address>
         <run_address>0x1b5f6</run_address>
         <size>0x6f5</size>
         <input_file_ref idref="fl-d6"/>
      </object_component>
      <object_component id="oc-324">
         <name>.debug_info</name>
         <load_address>0x1bceb</load_address>
         <run_address>0x1bceb</run_address>
         <size>0x1c7</size>
         <input_file_ref idref="fl-d6"/>
      </object_component>
      <object_component id="oc-29a">
         <name>.debug_info</name>
         <load_address>0x1beb2</load_address>
         <run_address>0x1beb2</run_address>
         <size>0x22b</size>
         <input_file_ref idref="fl-d6"/>
      </object_component>
      <object_component id="oc-2a0">
         <name>.debug_info</name>
         <load_address>0x1c0dd</load_address>
         <run_address>0x1c0dd</run_address>
         <size>0x235</size>
         <input_file_ref idref="fl-d6"/>
      </object_component>
      <object_component id="oc-332">
         <name>.debug_info</name>
         <load_address>0x1c312</load_address>
         <run_address>0x1c312</run_address>
         <size>0x1e9</size>
         <input_file_ref idref="fl-d6"/>
      </object_component>
      <object_component id="oc-32d">
         <name>.debug_info</name>
         <load_address>0x1c4fb</load_address>
         <run_address>0x1c4fb</run_address>
         <size>0x1e9</size>
         <input_file_ref idref="fl-d6"/>
      </object_component>
      <object_component id="oc-363">
         <name>.debug_info</name>
         <load_address>0x1c6e4</load_address>
         <run_address>0x1c6e4</run_address>
         <size>0x131</size>
         <input_file_ref idref="fl-d6"/>
      </object_component>
      <object_component id="oc-202">
         <name>.debug_info</name>
         <load_address>0x1c815</load_address>
         <run_address>0x1c815</run_address>
         <size>0x725</size>
         <input_file_ref idref="fl-d9"/>
      </object_component>
      <object_component id="oc-1ff">
         <name>.debug_info</name>
         <load_address>0x1cf3a</load_address>
         <run_address>0x1cf3a</run_address>
         <size>0x25e</size>
         <input_file_ref idref="fl-d9"/>
      </object_component>
      <object_component id="oc-ec">
         <name>.debug_info</name>
         <load_address>0x1d198</load_address>
         <run_address>0x1d198</run_address>
         <size>0x215</size>
         <input_file_ref idref="fl-d9"/>
      </object_component>
      <object_component id="oc-e0">
         <name>.debug_info</name>
         <load_address>0x1d3ad</load_address>
         <run_address>0x1d3ad</run_address>
         <size>0x23d</size>
         <input_file_ref idref="fl-d9"/>
      </object_component>
      <object_component id="oc-b4">
         <name>.debug_info</name>
         <load_address>0x1d5ea</load_address>
         <run_address>0x1d5ea</run_address>
         <size>0x27c</size>
         <input_file_ref idref="fl-d9"/>
      </object_component>
      <object_component id="oc-2cf">
         <name>.debug_info</name>
         <load_address>0x1d866</load_address>
         <run_address>0x1d866</run_address>
         <size>0x341</size>
         <input_file_ref idref="fl-d9"/>
      </object_component>
      <object_component id="oc-f6">
         <name>.debug_info</name>
         <load_address>0x1dba7</load_address>
         <run_address>0x1dba7</run_address>
         <size>0x1c9</size>
         <input_file_ref idref="fl-da"/>
      </object_component>
      <object_component id="oc-211">
         <name>.debug_info</name>
         <load_address>0x1dd70</load_address>
         <run_address>0x1dd70</run_address>
         <size>0x199</size>
         <input_file_ref idref="fl-db"/>
      </object_component>
      <object_component id="oc-209">
         <name>.debug_info</name>
         <load_address>0x1df09</load_address>
         <run_address>0x1df09</run_address>
         <size>0x19a</size>
         <input_file_ref idref="fl-db"/>
      </object_component>
      <object_component id="oc-1ba">
         <name>.debug_info</name>
         <load_address>0x1e0a3</load_address>
         <run_address>0x1e0a3</run_address>
         <size>0x194</size>
         <input_file_ref idref="fl-db"/>
      </object_component>
      <object_component id="oc-1ea">
         <name>.debug_info</name>
         <load_address>0x1e237</load_address>
         <run_address>0x1e237</run_address>
         <size>0x432</size>
         <input_file_ref idref="fl-dc"/>
      </object_component>
      <object_component id="oc-bf">
         <name>.debug_info</name>
         <load_address>0x1e669</load_address>
         <run_address>0x1e669</run_address>
         <size>0x1ee</size>
         <input_file_ref idref="fl-dc"/>
      </object_component>
      <object_component id="oc-cb">
         <name>.debug_info</name>
         <load_address>0x1e857</load_address>
         <run_address>0x1e857</run_address>
         <size>0x202</size>
         <input_file_ref idref="fl-dc"/>
      </object_component>
      <object_component id="oc-d2">
         <name>.debug_info</name>
         <load_address>0x1ea59</load_address>
         <run_address>0x1ea59</run_address>
         <size>0x1cf</size>
         <input_file_ref idref="fl-dc"/>
      </object_component>
      <object_component id="oc-c5">
         <name>.debug_info</name>
         <load_address>0x1ec28</load_address>
         <run_address>0x1ec28</run_address>
         <size>0x1f5</size>
         <input_file_ref idref="fl-dc"/>
      </object_component>
      <object_component id="oc-d7">
         <name>.debug_info</name>
         <load_address>0x1ee1d</load_address>
         <run_address>0x1ee1d</run_address>
         <size>0x1c2</size>
         <input_file_ref idref="fl-dc"/>
      </object_component>
      <object_component id="oc-2b5">
         <name>.debug_info</name>
         <load_address>0x1efdf</load_address>
         <run_address>0x1efdf</run_address>
         <size>0x439</size>
         <input_file_ref idref="fl-dc"/>
      </object_component>
      <object_component id="oc-2c0">
         <name>.debug_info</name>
         <load_address>0x1f418</load_address>
         <run_address>0x1f418</run_address>
         <size>0x2cc</size>
         <input_file_ref idref="fl-dd"/>
      </object_component>
      <object_component id="oc-1ec">
         <name>.debug_info</name>
         <load_address>0x1f6e4</load_address>
         <run_address>0x1f6e4</run_address>
         <size>0x1e2</size>
         <input_file_ref idref="fl-dd"/>
      </object_component>
      <object_component id="oc-1f5">
         <name>.debug_info</name>
         <load_address>0x1f8c6</load_address>
         <run_address>0x1f8c6</run_address>
         <size>0x1da</size>
         <input_file_ref idref="fl-dd"/>
      </object_component>
      <object_component id="oc-251">
         <name>.debug_info</name>
         <load_address>0x1faa0</load_address>
         <run_address>0x1faa0</run_address>
         <size>0x27b</size>
         <input_file_ref idref="fl-de"/>
      </object_component>
      <object_component id="oc-24d">
         <name>.debug_info</name>
         <load_address>0x1fd1b</load_address>
         <run_address>0x1fd1b</run_address>
         <size>0x139</size>
         <input_file_ref idref="fl-de"/>
      </object_component>
      <object_component id="oc-149">
         <name>.debug_info</name>
         <load_address>0x1fe54</load_address>
         <run_address>0x1fe54</run_address>
         <size>0x12e</size>
         <input_file_ref idref="fl-de"/>
      </object_component>
      <object_component id="oc-3a2">
         <name>.debug_info</name>
         <load_address>0x1ff82</load_address>
         <run_address>0x1ff82</run_address>
         <size>0xbd</size>
      </object_component>
      <object_component id="oc-15b">
         <name>.debug_line</name>
         <load_address>0x0</load_address>
         <run_address>0x0</run_address>
         <size>0x40</size>
         <input_file_ref idref="fl-2"/>
      </object_component>
      <object_component id="oc-74">
         <name>.debug_line</name>
         <load_address>0x40</load_address>
         <run_address>0x40</run_address>
         <size>0x40</size>
         <input_file_ref idref="fl-2"/>
      </object_component>
      <object_component id="oc-6c">
         <name>.debug_line</name>
         <load_address>0x80</load_address>
         <run_address>0x80</run_address>
         <size>0x71</size>
         <input_file_ref idref="fl-2"/>
      </object_component>
      <object_component id="oc-15f">
         <name>.debug_line</name>
         <load_address>0xf1</load_address>
         <run_address>0xf1</run_address>
         <size>0x6f</size>
         <input_file_ref idref="fl-2"/>
      </object_component>
      <object_component id="oc-35">
         <name>.debug_line</name>
         <load_address>0x160</load_address>
         <run_address>0x160</run_address>
         <size>0x20</size>
         <input_file_ref idref="fl-2"/>
      </object_component>
      <object_component id="oc-268">
         <name>.debug_line</name>
         <load_address>0x180</load_address>
         <run_address>0x180</run_address>
         <size>0x73</size>
         <input_file_ref idref="fl-2"/>
      </object_component>
      <object_component id="oc-23f">
         <name>.debug_line</name>
         <load_address>0x1f3</load_address>
         <run_address>0x1f3</run_address>
         <size>0x6f</size>
         <input_file_ref idref="fl-2"/>
      </object_component>
      <object_component id="oc-1b6">
         <name>.debug_line</name>
         <load_address>0x262</load_address>
         <run_address>0x262</run_address>
         <size>0x70</size>
         <input_file_ref idref="fl-2"/>
      </object_component>
      <object_component id="oc-34b">
         <name>.debug_line</name>
         <load_address>0x2d2</load_address>
         <run_address>0x2d2</run_address>
         <size>0x20</size>
         <input_file_ref idref="fl-3"/>
      </object_component>
      <object_component id="oc-28b">
         <name>.debug_line</name>
         <load_address>0x2f2</load_address>
         <run_address>0x2f2</run_address>
         <size>0x3b</size>
         <input_file_ref idref="fl-3"/>
      </object_component>
      <object_component id="oc-aa">
         <name>.debug_line</name>
         <load_address>0x32d</load_address>
         <run_address>0x32d</run_address>
         <size>0x134</size>
         <input_file_ref idref="fl-3"/>
      </object_component>
      <object_component id="oc-34f">
         <name>.debug_line</name>
         <load_address>0x461</load_address>
         <run_address>0x461</run_address>
         <size>0x58</size>
         <input_file_ref idref="fl-3"/>
      </object_component>
      <object_component id="oc-25e">
         <name>.debug_line</name>
         <load_address>0x4b9</load_address>
         <run_address>0x4b9</run_address>
         <size>0x5b</size>
         <input_file_ref idref="fl-3"/>
      </object_component>
      <object_component id="oc-2b0">
         <name>.debug_line</name>
         <load_address>0x514</load_address>
         <run_address>0x514</run_address>
         <size>0xe5</size>
         <input_file_ref idref="fl-4"/>
      </object_component>
      <object_component id="oc-249">
         <name>.debug_line</name>
         <load_address>0x5f9</load_address>
         <run_address>0x5f9</run_address>
         <size>0x4d</size>
         <input_file_ref idref="fl-4"/>
      </object_component>
      <object_component id="oc-24b">
         <name>.debug_line</name>
         <load_address>0x646</load_address>
         <run_address>0x646</run_address>
         <size>0x4d</size>
         <input_file_ref idref="fl-4"/>
      </object_component>
      <object_component id="oc-2b2">
         <name>.debug_line</name>
         <load_address>0x693</load_address>
         <run_address>0x693</run_address>
         <size>0x4d</size>
         <input_file_ref idref="fl-4"/>
      </object_component>
      <object_component id="oc-bd">
         <name>.debug_line</name>
         <load_address>0x6e0</load_address>
         <run_address>0x6e0</run_address>
         <size>0x386</size>
         <input_file_ref idref="fl-4"/>
      </object_component>
      <object_component id="oc-259">
         <name>.debug_line</name>
         <load_address>0xa66</load_address>
         <run_address>0xa66</run_address>
         <size>0x78</size>
         <input_file_ref idref="fl-4"/>
      </object_component>
      <object_component id="oc-158">
         <name>.debug_line</name>
         <load_address>0xade</load_address>
         <run_address>0xade</run_address>
         <size>0x61</size>
         <input_file_ref idref="fl-4"/>
      </object_component>
      <object_component id="oc-263">
         <name>.debug_line</name>
         <load_address>0xb3f</load_address>
         <run_address>0xb3f</run_address>
         <size>0x7a</size>
         <input_file_ref idref="fl-4"/>
      </object_component>
      <object_component id="oc-2ab">
         <name>.debug_line</name>
         <load_address>0xbb9</load_address>
         <run_address>0xbb9</run_address>
         <size>0x76</size>
         <input_file_ref idref="fl-4"/>
      </object_component>
      <object_component id="oc-36b">
         <name>.debug_line</name>
         <load_address>0xc2f</load_address>
         <run_address>0xc2f</run_address>
         <size>0xcd</size>
         <input_file_ref idref="fl-5"/>
      </object_component>
      <object_component id="oc-338">
         <name>.debug_line</name>
         <load_address>0xcfc</load_address>
         <run_address>0xcfc</run_address>
         <size>0x61</size>
         <input_file_ref idref="fl-5"/>
      </object_component>
      <object_component id="oc-1cf">
         <name>.debug_line</name>
         <load_address>0xd5d</load_address>
         <run_address>0xd5d</run_address>
         <size>0xd8</size>
         <input_file_ref idref="fl-5"/>
      </object_component>
      <object_component id="oc-152">
         <name>.debug_line</name>
         <load_address>0xe35</load_address>
         <run_address>0xe35</run_address>
         <size>0x20</size>
         <input_file_ref idref="fl-5"/>
      </object_component>
      <object_component id="oc-255">
         <name>.debug_line</name>
         <load_address>0xe55</load_address>
         <run_address>0xe55</run_address>
         <size>0x394</size>
         <input_file_ref idref="fl-6"/>
      </object_component>
      <object_component id="oc-23b">
         <name>.debug_line</name>
         <load_address>0x11e9</load_address>
         <run_address>0x11e9</run_address>
         <size>0x34</size>
         <input_file_ref idref="fl-6"/>
      </object_component>
      <object_component id="oc-247">
         <name>.debug_line</name>
         <load_address>0x121d</load_address>
         <run_address>0x121d</run_address>
         <size>0x34</size>
         <input_file_ref idref="fl-6"/>
      </object_component>
      <object_component id="oc-253">
         <name>.debug_line</name>
         <load_address>0x1251</load_address>
         <run_address>0x1251</run_address>
         <size>0x34</size>
         <input_file_ref idref="fl-6"/>
      </object_component>
      <object_component id="oc-71">
         <name>.debug_line</name>
         <load_address>0x1285</load_address>
         <run_address>0x1285</run_address>
         <size>0x1a2</size>
         <input_file_ref idref="fl-6"/>
      </object_component>
      <object_component id="oc-244">
         <name>.debug_line</name>
         <load_address>0x1427</load_address>
         <run_address>0x1427</run_address>
         <size>0x34</size>
         <input_file_ref idref="fl-6"/>
      </object_component>
      <object_component id="oc-16e">
         <name>.debug_line</name>
         <load_address>0x145b</load_address>
         <run_address>0x145b</run_address>
         <size>0x92</size>
         <input_file_ref idref="fl-c3"/>
      </object_component>
      <object_component id="oc-44">
         <name>.debug_line</name>
         <load_address>0x14ed</load_address>
         <run_address>0x14ed</run_address>
         <size>0x4c</size>
         <input_file_ref idref="fl-c3"/>
      </object_component>
      <object_component id="oc-8a">
         <name>.debug_line</name>
         <load_address>0x1539</load_address>
         <run_address>0x1539</run_address>
         <size>0x34</size>
         <input_file_ref idref="fl-c3"/>
      </object_component>
      <object_component id="oc-16b">
         <name>.debug_line</name>
         <load_address>0x156d</load_address>
         <run_address>0x156d</run_address>
         <size>0x92</size>
         <input_file_ref idref="fl-c3"/>
      </object_component>
      <object_component id="oc-85">
         <name>.debug_line</name>
         <load_address>0x15ff</load_address>
         <run_address>0x15ff</run_address>
         <size>0x20</size>
         <input_file_ref idref="fl-c4"/>
      </object_component>
      <object_component id="oc-22">
         <name>.debug_line</name>
         <load_address>0x161f</load_address>
         <run_address>0x161f</run_address>
         <size>0x55</size>
         <input_file_ref idref="fl-c4"/>
      </object_component>
      <object_component id="oc-40">
         <name>.debug_line</name>
         <load_address>0x1674</load_address>
         <run_address>0x1674</run_address>
         <size>0x3a</size>
         <input_file_ref idref="fl-c4"/>
      </object_component>
      <object_component id="oc-82">
         <name>.debug_line</name>
         <load_address>0x16ae</load_address>
         <run_address>0x16ae</run_address>
         <size>0x92</size>
         <input_file_ref idref="fl-c4"/>
      </object_component>
      <object_component id="oc-167">
         <name>.debug_line</name>
         <load_address>0x1740</load_address>
         <run_address>0x1740</run_address>
         <size>0x20</size>
         <input_file_ref idref="fl-c5"/>
      </object_component>
      <object_component id="oc-1a">
         <name>.debug_line</name>
         <load_address>0x1760</load_address>
         <run_address>0x1760</run_address>
         <size>0xa9</size>
         <input_file_ref idref="fl-c5"/>
      </object_component>
      <object_component id="oc-30">
         <name>.debug_line</name>
         <load_address>0x1809</load_address>
         <run_address>0x1809</run_address>
         <size>0x3a</size>
         <input_file_ref idref="fl-c5"/>
      </object_component>
      <object_component id="oc-164">
         <name>.debug_line</name>
         <load_address>0x1843</load_address>
         <run_address>0x1843</run_address>
         <size>0x9a</size>
         <input_file_ref idref="fl-c5"/>
      </object_component>
      <object_component id="oc-7b">
         <name>.debug_line</name>
         <load_address>0x18dd</load_address>
         <run_address>0x18dd</run_address>
         <size>0x96</size>
         <input_file_ref idref="fl-c5"/>
      </object_component>
      <object_component id="oc-77">
         <name>.debug_line</name>
         <load_address>0x1973</load_address>
         <run_address>0x1973</run_address>
         <size>0x33</size>
         <input_file_ref idref="fl-c6"/>
      </object_component>
      <object_component id="oc-57">
         <name>.debug_line</name>
         <load_address>0x19a6</load_address>
         <run_address>0x19a6</run_address>
         <size>0x45</size>
         <input_file_ref idref="fl-c6"/>
      </object_component>
      <object_component id="oc-3b">
         <name>.debug_line</name>
         <load_address>0x19eb</load_address>
         <run_address>0x19eb</run_address>
         <size>0x88</size>
         <input_file_ref idref="fl-c7"/>
      </object_component>
      <object_component id="oc-30f">
         <name>.debug_line</name>
         <load_address>0x1a73</load_address>
         <run_address>0x1a73</run_address>
         <size>0xbf</size>
         <input_file_ref idref="fl-c9"/>
      </object_component>
      <object_component id="oc-181">
         <name>.debug_line</name>
         <load_address>0x1b32</load_address>
         <run_address>0x1b32</run_address>
         <size>0x6f</size>
         <input_file_ref idref="fl-c9"/>
      </object_component>
      <object_component id="oc-313">
         <name>.debug_line</name>
         <load_address>0x1ba1</load_address>
         <run_address>0x1ba1</run_address>
         <size>0x2e</size>
         <input_file_ref idref="fl-c9"/>
      </object_component>
      <object_component id="oc-357">
         <name>.debug_line</name>
         <load_address>0x1bcf</load_address>
         <run_address>0x1bcf</run_address>
         <size>0x9a</size>
         <input_file_ref idref="fl-c9"/>
      </object_component>
      <object_component id="oc-318">
         <name>.debug_line</name>
         <load_address>0x1c69</load_address>
         <run_address>0x1c69</run_address>
         <size>0x97</size>
         <input_file_ref idref="fl-c9"/>
      </object_component>
      <object_component id="oc-31d">
         <name>.debug_line</name>
         <load_address>0x1d00</load_address>
         <run_address>0x1d00</run_address>
         <size>0x93</size>
         <input_file_ref idref="fl-c9"/>
      </object_component>
      <object_component id="oc-98">
         <name>.debug_line</name>
         <load_address>0x1d93</load_address>
         <run_address>0x1d93</run_address>
         <size>0x40</size>
         <input_file_ref idref="fl-ca"/>
      </object_component>
      <object_component id="oc-172">
         <name>.debug_line</name>
         <load_address>0x1dd3</load_address>
         <run_address>0x1dd3</run_address>
         <size>0x3c</size>
         <input_file_ref idref="fl-cc"/>
      </object_component>
      <object_component id="oc-2e1">
         <name>.debug_line</name>
         <load_address>0x1e0f</load_address>
         <run_address>0x1e0f</run_address>
         <size>0x56</size>
         <input_file_ref idref="fl-cf"/>
      </object_component>
      <object_component id="oc-2df">
         <name>.debug_line</name>
         <load_address>0x1e65</load_address>
         <run_address>0x1e65</run_address>
         <size>0x52</size>
         <input_file_ref idref="fl-cf"/>
      </object_component>
      <object_component id="oc-224">
         <name>.debug_line</name>
         <load_address>0x1eb7</load_address>
         <run_address>0x1eb7</run_address>
         <size>0x95</size>
         <input_file_ref idref="fl-cf"/>
      </object_component>
      <object_component id="oc-21e">
         <name>.debug_line</name>
         <load_address>0x1f4c</load_address>
         <run_address>0x1f4c</run_address>
         <size>0x6a</size>
         <input_file_ref idref="fl-cf"/>
      </object_component>
      <object_component id="oc-108">
         <name>.debug_line</name>
         <load_address>0x1fb6</load_address>
         <run_address>0x1fb6</run_address>
         <size>0x6a</size>
         <input_file_ref idref="fl-cf"/>
      </object_component>
      <object_component id="oc-10e">
         <name>.debug_line</name>
         <load_address>0x2020</load_address>
         <run_address>0x2020</run_address>
         <size>0x76</size>
         <input_file_ref idref="fl-cf"/>
      </object_component>
      <object_component id="oc-114">
         <name>.debug_line</name>
         <load_address>0x2096</load_address>
         <run_address>0x2096</run_address>
         <size>0x94</size>
         <input_file_ref idref="fl-cf"/>
      </object_component>
      <object_component id="oc-119">
         <name>.debug_line</name>
         <load_address>0x212a</load_address>
         <run_address>0x212a</run_address>
         <size>0xa5</size>
         <input_file_ref idref="fl-cf"/>
      </object_component>
      <object_component id="oc-11f">
         <name>.debug_line</name>
         <load_address>0x21cf</load_address>
         <run_address>0x21cf</run_address>
         <size>0x6f</size>
         <input_file_ref idref="fl-cf"/>
      </object_component>
      <object_component id="oc-2c8">
         <name>.debug_line</name>
         <load_address>0x223e</load_address>
         <run_address>0x223e</run_address>
         <size>0x51</size>
         <input_file_ref idref="fl-cf"/>
      </object_component>
      <object_component id="oc-2bd">
         <name>.debug_line</name>
         <load_address>0x228f</load_address>
         <run_address>0x228f</run_address>
         <size>0x51</size>
         <input_file_ref idref="fl-cf"/>
      </object_component>
      <object_component id="oc-2cd">
         <name>.debug_line</name>
         <load_address>0x22e0</load_address>
         <run_address>0x22e0</run_address>
         <size>0x4f</size>
         <input_file_ref idref="fl-cf"/>
      </object_component>
      <object_component id="oc-290">
         <name>.debug_line</name>
         <load_address>0x232f</load_address>
         <run_address>0x232f</run_address>
         <size>0x55</size>
         <input_file_ref idref="fl-cf"/>
      </object_component>
[...]
      </symbol>
      <symbol id="sm-12f">
         <name>Lcd_ScreenHeigth</name>
         <value>0x20000044</value>
      </symbol>
      <symbol id="sm-130">
         <name>Lcd_PenSolid</name>
         <value>0x2000004d</value>
      </symbol>
      <symbol id="sm-131">
         <name>Lcd_FontSolid</name>
         <value>0x2000004b</value>
      </symbol>
      <symbol id="sm-132">
         <name>Lcd_FlagRead</name>
         <value>0x2000004a</value>
      </symbol>
      <symbol id="sm-133">
         <name>Lcd_TouchTrim</name>
         <value>0x20000048</value>
      </symbol>
      <symbol id="sm-134">
         <name>Crystalfontz128x128_SetDrawFrame</name>
         <value>0x1f9</value>
         <object_component_ref idref="oc-b8"/>
      </symbol>
      <symbol id="sm-135">
         <name>Crystalfontz128x128_SetOrientation</name>
         <value>0x327</value>
         <object_component_ref idref="oc-b8"/>
      </symbol>
      <symbol id="sm-136">
         <name>g_sCrystalfontz128x128_funcs</name>
         <value>0x2218</value>
         <object_component_ref idref="oc-145"/>
      </symbol>
      <symbol id="sm-137">
         <name>g_sCrystalfontz128x128</name>
         <value>0x20000020</value>
         <object_component_ref idref="oc-142"/>
      </symbol>
      <symbol id="sm-138">
         <name>Crystalfontz128x128_Init</name>
         <value>0xe5</value>
         <object_component_ref idref="oc-b8"/>
      </symbol>
      <symbol id="sm-15d">
         <name>HAL_LCD_writeData</name>
         <value>0x1363</value>
         <object_component_ref idref="oc-1ca"/>
      </symbol>
      <symbol id="sm-15e">
         <name>HAL_LCD_SpiInit</name>
         <value>0x12fd</value>
         <object_component_ref idref="oc-1ca"/>
      </symbol>
      <symbol id="sm-15f">
         <name>HAL_LCD_PortInit</name>
         <value>0x12cd</value>
         <object_component_ref idref="oc-1ca"/>
      </symbol>
      <symbol id="sm-160">
         <name>HAL_LCD_writeCommand</name>
         <value>0x1333</value>
         <object_component_ref idref="oc-1ca"/>
      </symbol>
      <symbol id="sm-1a5">
         <name>_hwInit</name>
         <value>0xb71</value>
         <object_component_ref idref="oc-6d"/>
      </symbol>
      <symbol id="sm-1a6">
         <name>current_state</name>
         <value>0x2000003c</value>
         <object_component_ref idref="oc-13c"/>
      </symbol>
      <symbol id="sm-1a7">
         <name>_init</name>
         <value>0xa99</value>
         <object_component_ref idref="oc-6d"/>
      </symbol>
      <symbol id="sm-1a8">
         <name>fn_AUTOMATIC</name>
         <value>0xaed</value>
         <object_component_ref idref="oc-6d"/>
      </symbol>
      <symbol id="sm-1a9">
         <name>fn_MANUAL</name>
         <value>0xadf</value>
         <object_component_ref idref="oc-6d"/>
      </symbol>
      <symbol id="sm-1aa">
         <name>humidity_sensor_value</name>
         <value>0x20000034</value>
         <object_component_ref idref="oc-13c"/>
      </symbol>
      <symbol id="sm-1ab">
         <name>fn_SETTINGS</name>
         <value>0xafb</value>
         <object_component_ref idref="oc-6d"/>
      </symbol>
      <symbol id="sm-1ac">
         <name>fsm</name>
         <value>0x20000000</value>
         <object_component_ref idref="oc-13f"/>
      </symbol>
      <symbol id="sm-1ad">
         <name>humidifier_state</name>
         <value>0x20000033</value>
         <object_component_ref idref="oc-13c"/>
      </symbol>
      <symbol id="sm-1ae">
         <name>_auto</name>
         <value>0xacd</value>
         <object_component_ref idref="oc-6d"/>
      </symbol>
      <symbol id="sm-1af">
         <name>_updateHw</name>
         <value>0xc5d</value>
         <object_component_ref idref="oc-6d"/>
      </symbol>
      <symbol id="sm-1b0">
         <name>main</name>
         <value>0xb09</value>
         <object_component_ref idref="oc-6d"/>
      </symbol>
      <symbol id="sm-1b1">
         <name>fan_state</name>
         <value>0x20000030</value>
         <object_component_ref idref="oc-13c"/>
      </symbol>
      <symbol id="sm-1b2">
         <name>f3</name>
         <value>0xacf</value>
         <object_component_ref idref="oc-6d"/>
      </symbol>
      <symbol id="sm-1b3">
         <name>TA1_0_IRQHandler</name>
         <value>0xb25</value>
         <object_component_ref idref="oc-6d"/>
      </symbol>
      <symbol id="sm-1b4">
         <name>fn_INIT</name>
         <value>0xad1</value>
         <object_component_ref idref="oc-6d"/>
      </symbol>
      <symbol id="sm-1b5">
         <name>temperature_sensor_value</name>
         <value>0x20000038</value>
         <object_component_ref idref="oc-13c"/>
      </symbol>
      <symbol id="sm-1b6">
         <name>resistor_state</name>
         <value>0x20000032</value>
         <object_component_ref idref="oc-13c"/>
      </symbol>
      <symbol id="sm-1b7">
         <name>pump_state</name>
         <value>0x20000031</value>
         <object_component_ref idref="oc-13c"/>
      </symbol>
      <symbol id="sm-1b8">
         <name>_graphicsInit</name>
         <value>0xb31</value>
         <object_component_ref idref="oc-6d"/>
      </symbol>
      <symbol id="sm-1d1">
         <name>__TI_zero_init_nomemset</name>
         <value>0x1c0d</value>
         <object_component_ref idref="oc-43"/>
      </symbol>
      <symbol id="sm-1e8">
         <name>__TI_decompress_none</name>
         <value>0x1d5d</value>
         <object_component_ref idref="oc-1d"/>
      </symbol>
      <symbol id="sm-20b">
         <name>__TI_decompress_lzss</name>
         <value>0x17bd</value>
         <object_component_ref idref="oc-17"/>
      </symbol>
      <symbol id="sm-21e">
         <name>__stack</name>
         <value>0x2000fe00</value>
         <object_component_ref idref="oc-29"/>
      </symbol>
      <symbol id="sm-21f">
         <name>_c_int00_noargs</name>
         <value>0x1ac5</value>
         <object_component_ref idref="oc-55"/>
      </symbol>
      <symbol id="sm-23a">
         <name>memcpy</name>
         <value>0x15b1</value>
         <object_component_ref idref="oc-37"/>
      </symbol>
      <symbol id="sm-23b">
         <name>__aeabi_memcpy</name>
         <value>0x15b1</value>
         <object_component_ref idref="oc-37"/>
      </symbol>
      <symbol id="sm-23c">
         <name>__aeabi_memcpy8</name>
         <value>0x15b1</value>
         <object_component_ref idref="oc-37"/>
      </symbol>
      <symbol id="sm-23d">
         <name>__aeabi_memcpy4</name>
         <value>0x15b1</value>
         <object_component_ref idref="oc-37"/>
      </symbol>
      <symbol id="sm-266">
         <name>__TI_auto_init_nobinit_nopinit</name>
         <value>0x19cd</value>
         <object_component_ref idref="oc-17d"/>
      </symbol>
      <symbol id="sm-270">
         <name>_system_pre_init</name>
         <value>0x1da1</value>
         <object_component_ref idref="oc-93"/>
      </symbol>
      <symbol id="sm-27c">
         <name>C$$EXIT</name>
         <value>0x1da5</value>
         <object_component_ref idref="oc-171"/>
      </symbol>
      <symbol id="sm-27d">
         <name>abort</name>
         <value>0x1da5</value>
         <object_component_ref idref="oc-171"/>
      </symbol>
      <symbol id="sm-331">
         <name>ADC14_enableInterrupt</name>
         <value>0x1af9</value>
         <object_component_ref idref="oc-11e"/>
      </symbol>
      <symbol id="sm-332">
         <name>ADC14_initModule</name>
         <value>0x18dd</value>
         <object_component_ref idref="oc-10c"/>
      </symbol>
      <symbol id="sm-333">
         <name>ADC14_configureMultiSequenceMode</name>
         <value>0x144d</value>
         <object_component_ref idref="oc-112"/>
      </symbol>
      <symbol id="sm-334">
         <name>ADC14_configureConversionMemory</name>
         <value>0x1399</value>
         <object_component_ref idref="oc-118"/>
      </symbol>
      <symbol id="sm-335">
         <name>ADC14_enableModule</name>
         <value>0x1d79</value>
         <object_component_ref idref="oc-106"/>
      </symbol>
      <symbol id="sm-364">
         <name>CS_setDCOCenteredFrequency</name>
         <value>0x1a91</value>
         <object_component_ref idref="oc-130"/>
      </symbol>
      <symbol id="sm-365">
         <name>CS_initClockSignal</name>
         <value>0x1095</value>
         <object_component_ref idref="oc-136"/>
      </symbol>
      <symbol id="sm-374">
         <name>FlashCtl_setWaitState</name>
         <value>0x1985</value>
         <object_component_ref idref="oc-12a"/>
      </symbol>
      <symbol id="sm-3ad">
         <name>GPIO_setOutputHighOnPin</name>
         <value>0x1b55</value>
         <object_component_ref idref="oc-1d6"/>
      </symbol>
      <symbol id="sm-3ae">
         <name>GPIO_setAsOutputPin</name>
         <value>0x1a11</value>
         <object_component_ref idref="oc-100"/>
      </symbol>
      <symbol id="sm-3af">
         <name>GPIO_setOutputLowOnPin</name>
         <value>0x1b7d</value>
         <object_component_ref idref="oc-1d0"/>
      </symbol>
      <symbol id="sm-3b0">
         <name>GPIO_setAsPeripheralModuleFunctionOutputPin</name>
         <value>0x164d</value>
         <object_component_ref idref="oc-292"/>
      </symbol>
      <symbol id="sm-3df">
         <name>Interrupt_disableMaster</name>
         <value>0x1d1d</value>
         <object_component_ref idref="oc-fa"/>
      </symbol>
      <symbol id="sm-3e0">
         <name>Interrupt_enableMaster</name>
         <value>0x1d2d</value>
         <object_component_ref idref="oc-ee"/>
      </symbol>
      <symbol id="sm-3e1">
         <name>Interrupt_enableInterrupt</name>
         <value>0x16d5</value>
         <object_component_ref idref="oc-e2"/>
      </symbol>
      <symbol id="sm-46c">
         <name>PCM_setCoreVoltageLevel</name>
         <value>0x1d3d</value>
         <object_component_ref idref="oc-124"/>
      </symbol>
      <symbol id="sm-46d">
         <name>PCM_getCoreVoltageLevel</name>
         <value>0x1825</value>
         <object_component_ref idref="oc-2e8"/>
      </symbol>
      <symbol id="sm-46e">
         <name>PCM_getPowerMode</name>
         <value>0x1883</value>
         <object_component_ref idref="oc-2e2"/>
      </symbol>
      <symbol id="sm-46f">
         <name>PCM_getPowerState</name>
         <value>0x1ce5</value>
         <object_component_ref idref="oc-2ee"/>
      </symbol>
      <symbol id="sm-470">
         <name>PCM_gotoLPM0</name>
         <value>0x1ba5</value>
         <object_component_ref idref="oc-ac"/>
      </symbol>
      <symbol id="sm-471">
         <name>PCM_setPowerMode</name>
         <value>0x1d4d</value>
         <object_component_ref idref="oc-2f4"/>
      </symbol>
      <symbol id="sm-4b1">
         <name>EUSCI_B_SPI_enable</name>
         <value>0x1c8d</value>
         <object_component_ref idref="oc-330"/>
      </symbol>
      <symbol id="sm-4b2">
         <name>SPI_enableModule</name>
         <value>0x1bf1</value>
         <object_component_ref idref="oc-29e"/>
      </symbol>
      <symbol id="sm-4b3">
         <name>EUSCI_A_SPI_enable</name>
         <value>0x1c77</value>
         <object_component_ref idref="oc-32a"/>
      </symbol>
      <symbol id="sm-4b4">
         <name>SPI_initMaster</name>
         <value>0x1501</value>
         <object_component_ref idref="oc-298"/>
      </symbol>
      <symbol id="sm-4f6">
         <name>Timer_A_clearCaptureCompareInterrupt</name>
         <value>0x1b29</value>
         <object_component_ref idref="oc-b2"/>
      </symbol>
      <symbol id="sm-4f7">
         <name>Timer_A_startCounter</name>
         <value>0x1ccf</value>
         <object_component_ref idref="oc-e8"/>
      </symbol>
      <symbol id="sm-4f8">
         <name>Timer_A_configureUpMode</name>
         <value>0x1755</value>
         <object_component_ref idref="oc-dc"/>
      </symbol>
      <symbol id="sm-504">
         <name>WDT_A_holdTimer</name>
         <value>0x1bcd</value>
         <object_component_ref idref="oc-f4"/>
      </symbol>
      <symbol id="sm-51e">
         <name>CPU_wfi</name>
         <value>0x1d9d</value>
         <object_component_ref idref="oc-1b8"/>
      </symbol>
      <symbol id="sm-51f">
         <name>CPU_cpsie</name>
         <value>0x1d91</value>
         <object_component_ref idref="oc-208"/>
      </symbol>
      <symbol id="sm-520">
         <name>CPU_cpsid</name>
         <value>0x1d85</value>
         <object_component_ref idref="oc-210"/>
      </symbol>
      <symbol id="sm-552">
         <name>Graphics_setBackgroundColor</name>
         <value>0x1c43</value>
         <object_component_ref idref="oc-ca"/>
      </symbol>
      <symbol id="sm-553">
         <name>Graphics_setFont</name>
         <value>0x1c5d</value>
         <object_component_ref idref="oc-d0"/>
      </symbol>
      <symbol id="sm-554">
         <name>Graphics_initContext</name>
         <value>0x1931</value>
         <object_component_ref idref="oc-be"/>
      </symbol>
      <symbol id="sm-555">
         <name>Graphics_setForegroundColor</name>
         <value>0x1ca3</value>
         <object_component_ref idref="oc-c4"/>
      </symbol>
      <symbol id="sm-556">
         <name>Graphics_clearDisplay</name>
         <value>0x1cf9</value>
         <object_component_ref idref="oc-d6"/>
      </symbol>
      <symbol id="sm-56b">
         <name>Graphics_clearDisplayOnDisplay</name>
         <value>0x1c29</value>
         <object_component_ref idref="oc-1f4"/>
      </symbol>
      <symbol id="sm-56c">
         <name>Graphics_translateColorOnDisplay</name>
         <value>0x1cb9</value>
         <object_component_ref idref="oc-1eb"/>
      </symbol>
      <symbol id="sm-57e">
         <name>g_sFontFixed6x8</name>
         <value>0x20a0</value>
         <object_component_ref idref="oc-148"/>
      </symbol>
      <symbol id="sm-57f">
         <name>__TI_static_base__</name>
         <value>0x0</value>
      </symbol>
      <symbol id="sm-582">
         <name>__mpu_init</name>
         <value>0x0</value>
      </symbol>
      <symbol id="sm-583">
         <name>_system_post_cinit</name>
         <value>0x0</value>
      </symbol>
      <symbol id="sm-584">
         <name>NMI_Handler</name>
         <value>0x1d77</value>
      </symbol>
      <symbol id="sm-585">
         <name>HardFault_Handler</name>
         <value>0x1d77</value>
      </symbol>
      <symbol id="sm-586">
         <name>MemManage_Handler</name>
         <value>0x1d77</value>
      </symbol>
      <symbol id="sm-587">
         <name>BusFault_Handler</name>
         <value>0x1d77</value>
      </symbol>
      <symbol id="sm-588">
         <name>UsageFault_Handler</name>
         <value>0x1d77</value>
      </symbol>
      <symbol id="sm-589">
         <name>SVC_Handler</name>
         <value>0x1d77</value>
      </symbol>
      <symbol id="sm-58a">
         <name>DebugMon_Handler</name>
         <value>0x1d77</value>
      </symbol>
      <symbol id="sm-58b">
         <name>PendSV_Handler</name>
         <value>0x1d77</value>
      </symbol>
      <symbol id="sm-58c">
         <name>SysTick_Handler</name>
         <value>0x1d77</value>
      </symbol>
      <symbol id="sm-58d">
         <name>PSS_IRQHandler</name>
         <value>0x1d77</value>
      </symbol>
      <symbol id="sm-58e">
         <name>CS_IRQHandler</name>
         <value>0x1d77</value>
      </symbol>
      <symbol id="sm-58f">
         <name>PCM_IRQHandler</name>
         <value>0x1d77</value>
      </symbol>
      <symbol id="sm-590">
         <name>WDT_A_IRQHandler</name>
         <value>0x1d77</value>
      </symbol>
      <symbol id="sm-591">
         <name>FPU_IRQHandler</name>
         <value>0x1d77</value>
      </symbol>
      <symbol id="sm-592">
         <name>FLCTL_IRQHandler</name>
         <value>0x1d77</value>
      </symbol>
      <symbol id="sm-593">
         <name>COMP_E0_IRQHandler</name>
         <value>0x1d77</value>
      </symbol>
      <symbol id="sm-594">
         <name>COMP_E1_IRQHandler</name>
         <value>0x1d77</value>
      </symbol>
      <symbol id="sm-595">
         <name>TA0_0_IRQHandler</name>
         <value>0x1d77</value>
      </symbol>
      <symbol id="sm-596">
         <name>TA0_N_IRQHandler</name>
         <value>0x1d77</value>
      </symbol>
      <symbol id="sm-597">
         <name>TA1_0_IRQHandler</name>
         <value>0xb25</value>
      </symbol>
      <symbol id="sm-598">
         <name>TA1_N_IRQHandler</name>
         <value>0x1d77</value>
      </symbol>
      <symbol id="sm-599">
         <name>TA2_0_IRQHandler</name>
         <value>0x1d77</value>
      </symbol>
      <symbol id="sm-59a">
         <name>TA2_N_IRQHandler</name>
         <value>0x1d77</value>
      </symbol>
      <symbol id="sm-59b">
         <name>TA3_0_IRQHandler</name>
         <value>0x1d77</value>
      </symbol>
      <symbol id="sm-59c">
         <name>TA3_N_IRQHandler</name>
         <value>0x1d77</value>
      </symbol>
      <symbol id="sm-59d">
         <name>EUSCIA0_IRQHandler</name>
         <value>0x1d77</value>
      </symbol>
      <symbol id="sm-59e">
         <name>EUSCIA1_IRQHandler</name>
         <value>0x1d77</value>
      </symbol>
      <symbol id="sm-59f">
         <name>EUSCIA2_IRQHandler</name>
         <value>0x1d77</value>
      </symbol>
      <symbol id="sm-5a0">
         <name>EUSCIA3_IRQHandler</name>
         <value>0x1d77</value>
      </symbol>
      <symbol id="sm-5a1">
         <name>EUSCIB0_IRQHandler</name>
         <value>0x1d77</value>
      </symbol>
      <symbol id="sm-5a2">
         <name>EUSCIB1_IRQHandler</name>
         <value>0x1d77</value>
      </symbol>
      <symbol id="sm-5a3">
         <name>EUSCIB2_IRQHandler</name>
         <value>0x1d77</value>
      </symbol>
      <symbol id="sm-5a4">
         <name>EUSCIB3_IRQHandler</name>
         <value>0x1d77</value>
      </symbol>
      <symbol id="sm-5a5">
         <name>ADC14_IRQHandler</name>
         <value>0x1d77</value>
      </symbol>
      <symbol id="sm-5a6">
         <name>T32_INT1_IRQHandler</name>
         <value>0x1d77</value>
      </symbol>
      <symbol id="sm-5a7">
         <name>T32_INT2_IRQHandler</name>
         <value>0x1d77</value>
      </symbol>
      <symbol id="sm-5a8">
         <name>T32_INTC_IRQHandler</name>
         <value>0x1d77</value>
      </symbol>
      <symbol id="sm-5a9">
         <name>AES256_IRQHandler</name>
         <value>0x1d77</value>
      </symbol>
      <symbol id="sm-5aa">
         <name>RTC_C_IRQHandler</name>
         <value>0x1d77</value>
      </symbol>
      <symbol id="sm-5ab">
         <name>DMA_ERR_IRQHandler</name>
         <value>0x1d77</value>
      </symbol>
      <symbol id="sm-5ac">
         <name>DMA_INT3_IRQHandler</name>
         <value>0x1d77</value>
      </symbol>
      <symbol id="sm-5ad">
         <name>DMA_INT2_IRQHandler</name>
         <value>0x1d77</value>
      </symbol>
      <symbol id="sm-5ae">
         <name>DMA_INT1_IRQHandler</name>
         <value>0x1d77</value>
      </symbol>
      <symbol id="sm-5af">
         <name>DMA_INT0_IRQHandler</name>
         <value>0x1d77</value>
      </symbol>
      <symbol id="sm-5b0">
         <name>PORT1_IRQHandler</name>
         <value>0x1d77</value>
      </symbol>
      <symbol id="sm-5b1">
         <name>PORT2_IRQHandler</name>
         <value>0x1d77</value>
      </symbol>
      <symbol id="sm-5b2">
         <name>PORT3_IRQHandler</name>
         <value>0x1d77</value>
      </symbol>
      <symbol id="sm-5b3">
         <name>PORT4_IRQHandler</name>
         <value>0x1d77</value>
      </symbol>
      <symbol id="sm-5b4">
         <name>PORT5_IRQHandler</name>
         <value>0x1d77</value>
      </symbol>
      <symbol id="sm-5b5">
         <name>PORT6_IRQHandler</name>
         <value>0x1d77</value>
      </symbol>
   </symbol_table>
   <title>Link successful</title>
</link_info>
